Microchip Technology Inc, vv3_31 (A) t

Tool Name:
  c:\program files (x86)\microchip\mplabc30\v3.30\bin\bin\..\bin/pic30-elf-ld.exe

Command:
  -p24FJ256DA210 \
  -o \
  dist/default/production/OMB_CLS_build13.X.production.elf \
  -Lc:/program files (x86)/microchip/mplabc30/v3.30/bin/bin/.. \
  -Lc:/program files (x86)/microchip/mplabc30/v3.30/bin/bin/../../lib \
  -Lc:/program files (x86)/microchip/mplabc30/v3.30/bin/bin/../../lib/PIC24E \
  -Lc:/program files (x86)/microchip/mplabc30/v3.30/bin/bin/../../support/PIC24E/gld \
  -Lc:/program files (x86)/microchip/mplabc30/v3.30/bin/bin/../../lib/PIC24F \
  -Lc:/program files (x86)/microchip/mplabc30/v3.30/bin/bin/../../support/PIC24F/gld \
  -Lc:/program files (x86)/microchip/mplabc30/v3.30/bin/bin/../../lib/PIC24H \
  -Lc:/program files (x86)/microchip/mplabc30/v3.30/bin/bin/../../support/PIC24H/gld \
  -Lc:/program files (x86)/microchip/mplabc30/v3.30/bin/bin/../../lib/dsPIC30F \
  -Lc:/program files (x86)/microchip/mplabc30/v3.30/bin/bin/../../support/dsPIC30F/gld \
  -Lc:/program files (x86)/microchip/mplabc30/v3.30/bin/bin/../../lib/dsPIC33E \
  -Lc:/program files (x86)/microchip/mplabc30/v3.30/bin/bin/../../support/dsPIC33E/gld \
  -Lc:/program files (x86)/microchip/mplabc30/v3.30/bin/bin/../../lib/dsPIC33F \
  -Lc:/program files (x86)/microchip/mplabc30/v3.30/bin/bin/../../support/dsPIC33F/gld \
  build/default/production/_ext/1472/RH_Control.o \
  build/default/production/_ext/1472/TempControl.o \
  build/default/production/_ext/1472/AC_Hz.o \
  build/default/production/_ext/1472/AlarmContactRelay.o \
  build/default/production/_ext/1472/CO2_Control.o \
  build/default/production/_ext/1472/EventRTC.o \
  build/default/production/_ext/1472/EventScheduler.o \
  build/default/production/_ext/1472/EventTCPIP.o \
  build/default/production/_ext/1472/FailSafeRelay.o \
  build/default/production/_ext/1472/O2_Control.o \
  build/default/production/_ext/1472/OMB_Mode.o \
  build/default/production/_ext/1472/RTC_S35390.o \
  build/default/production/_ext/1472/OMB_Output.o \
  build/default/production/_ext/1472/EventBuzzer.o \
  build/default/production/_ext/1472/OMBLTC2439_Inputs.o \
  build/default/production/_ext/1472/OMB_UTI_Comm.o \
  build/default/production/_ext/1472/O2_RS485.o \
  build/default/production/_ext/1472/OMB_DigitalInputs.o \
  build/default/production/_ext/1472/USB.o \
  build/default/production/_ext/1472/Event_UV.o \
  build/default/production/_ext/1472/EEPROM_24AA1025.o \
  build/default/production/_ext/1472/CO2_RS485.o \
  build/default/production/_ext/1472/OMB_AnalogOutput.o \
  build/default/production/_ext/1472/p24FJ256DA210_UART2.o \
  build/default/production/_ext/1472/p24FJ256DA210_UART1.o \
  build/default/production/_ext/1472/p24FJ256DA210_Timer1.o \
  build/default/production/_ext/1472/p24FJ256DA210_I2C3.o \
  build/default/production/_ext/1472/p24FJ256DA210_SPI1.o \
  build/default/production/_ext/1472/LTC2439.o \
  build/default/production/_ext/1472/p24FJ256DA210_I2C1.o \
  build/default/production/_ext/1472/p24FJ256DA210_ICN.o \
  build/default/production/_ext/1472/p24FJ256DA210_OCx.o \
  build/default/production/_ext/1472/p24FJ256DA210_Timer3.o \
  build/default/production/_ext/1472/Flash.o \
  build/default/production/_ext/867694782/ENC28J60.o \
  build/default/production/_ext/867694782/Delay.o \
  build/default/production/_ext/867694782/StackTsk.o \
  build/default/production/_ext/867694782/Helpers.o \
  build/default/production/_ext/867694782/Announce.o \
  build/default/production/_ext/867694782/UDP.o \
  build/default/production/_ext/867694782/ARP.o \
  build/default/production/_ext/867694782/DHCP.o \
  build/default/production/_ext/867694782/Tick.o \
  build/default/production/_ext/867694782/IP.o \
  build/default/production/_ext/867694782/ICMP.o \
  build/default/production/_ext/867694782/TCP.o \
  build/default/production/_ext/1472/main.o \
  build/default/production/_ext/1472/General.o \
  --defsym=__MPLAB_BUILD=1 \
  -L.. \
  -L. \
  -Map=dist/default/production/OMB_CLS_build13.X.production.map \
  --report-mem \
  -Tp24FJ256DA210.gld.00 \
  -start-group \
  --library=pic30-elf \
  --library=m-elf \
  --library=c-elf \
  -end-group \

Archive member included because of file (symbol)

c:/program files (x86)/microchip/mplabc30/v3.30/bin/bin/../../lib\libpic30-elf.a(crt0_extended.o)
                              (__resetPRI)
c:/program files (x86)/microchip/mplabc30/v3.30/bin/bin/../../lib\libpic30-elf.a(data_init_extended.o)
                              c:/program files (x86)/microchip/mplabc30/v3.30/bin/bin/../../lib\libpic30-elf.a(crt0_extended.o) (__data_init_extended)
c:/program files (x86)/microchip/mplabc30/v3.30/bin/bin/../../lib\libm-elf.a(addsf3.eo)
                              build/default/production/_ext/1472/TempControl.o (___subsf3)
c:/program files (x86)/microchip/mplabc30/v3.30/bin/bin/../../lib\libm-elf.a(divsf3.eo)
[...]
Memory Configuration

Name             Origin             Length             Attributes
data             0x000800           0x018000           a !xr
reset            0x000000           0x000004  
ivt              0x000004           0x0000fc  
_reserved        0x000100           0x000004  
aivt             0x000104           0x0000fc  
program          0x000200           0x02a9f6           xr
CONFIG4          0x02abf8           0x000002  
CONFIG3          0x02abfa           0x000002  
CONFIG2          0x02abfc           0x000002  
CONFIG1          0x02abfe           0x000002  
*default*        0x000000           0xffffffff  

Linker script and memory map

LOAD build/default/production/_ext/1472/RH_Control.o
LOAD build/default/production/_ext/1472/TempControl.o
LOAD build/default/production/_ext/1472/AC_Hz.o
LOAD build/default/production/_ext/1472/AlarmContactRelay.o
LOAD build/default/production/_ext/1472/CO2_Control.o
LOAD build/default/production/_ext/1472/EventRTC.o
LOAD build/default/production/_ext/1472/EventScheduler.o
LOAD build/default/production/_ext/1472/EventTCPIP.o
LOAD build/default/production/_ext/1472/FailSafeRelay.o
LOAD build/default/production/_ext/1472/O2_Control.o
LOAD build/default/production/_ext/1472/OMB_Mode.o
LOAD build/default/production/_ext/1472/RTC_S35390.o
LOAD build/default/production/_ext/1472/OMB_Output.o
LOAD build/default/production/_ext/1472/EventBuzzer.o
LOAD build/default/production/_ext/1472/OMBLTC2439_Inputs.o
LOAD build/default/production/_ext/1472/OMB_UTI_Comm.o
LOAD build/default/production/_ext/1472/O2_RS485.o
LOAD build/default/production/_ext/1472/OMB_DigitalInputs.o
LOAD build/default/production/_ext/1472/USB.o
LOAD build/default/production/_ext/1472/Event_UV.o
LOAD build/default/production/_ext/1472/EEPROM_24AA1025.o
LOAD build/default/production/_ext/1472/CO2_RS485.o
LOAD build/default/production/_ext/1472/OMB_AnalogOutput.o
LOAD build/default/production/_ext/1472/p24FJ256DA210_UART2.o
LOAD build/default/production/_ext/1472/p24FJ256DA210_UART1.o
LOAD build/default/production/_ext/1472/p24FJ256DA210_Timer1.o
LOAD build/default/production/_ext/1472/p24FJ256DA210_I2C3.o
LOAD build/default/production/_ext/1472/p24FJ256DA210_SPI1.o
LOAD build/default/production/_ext/1472/LTC2439.o
LOAD build/default/production/_ext/1472/p24FJ256DA210_I2C1.o
LOAD build/default/production/_ext/1472/p24FJ256DA210_ICN.o
LOAD build/default/production/_ext/1472/p24FJ256DA210_OCx.o
LOAD build/default/production/_ext/1472/p24FJ256DA210_Timer3.o
LOAD build/default/production/_ext/1472/Flash.o
LOAD build/default/production/_ext/867694782/ENC28J60.o
LOAD build/default/production/_ext/867694782/Delay.o
LOAD build/default/production/_ext/867694782/StackTsk.o
LOAD build/default/production/_ext/867694782/Helpers.o
LOAD build/default/production/_ext/867694782/Announce.o
LOAD build/default/production/_ext/867694782/UDP.o
LOAD build/default/production/_ext/867694782/ARP.o
LOAD build/default/production/_ext/867694782/DHCP.o
LOAD build/default/production/_ext/867694782/Tick.o
LOAD build/default/production/_ext/867694782/IP.o
LOAD build/default/production/_ext/867694782/ICMP.o
LOAD build/default/production/_ext/867694782/TCP.o
LOAD build/default/production/_ext/1472/main.o
LOAD build/default/production/_ext/1472/General.o
                    0x0001                  __MPLAB_BUILD = 0x1
LOAD c:/program files (x86)/microchip/mplabc30/v3.30/bin/bin/../../lib/PIC24F\libpPIC24Fxxx-elf.a
                    0x2abf8                  __CONFIG4 = 0x2abf8
                    0x2abfa                  __CONFIG3 = 0x2abfa
                    0x2abfc                  __CONFIG2 = 0x2abfc
                    0x2abfe                  __CONFIG1 = 0x2abfe
                    0x0004                  __IVT_BASE = 0x4
                    0x0104                  __AIVT_BASE = 0x104
                    0x0800                  __DATA_BASE = 0x800
                    0x18000                  __DATA_LENGTH = 0x18000
                    0x0200                  __CODE_BASE = 0x200
                    0x2a9f8                  __CODE_LENGTH = 0x2a9f8

.reset            0x000000          0x4
                  0x000000          0x2 SHORT 0x200 ABSOLUTE (__reset)
                  0x000001          0x2 SHORT 0x4
                  0x000002          0x2 SHORT 0x0 ((ABSOLUTE (__reset) >> 0x10) & 0x7f)
                  0x000003          0x2 SHORT 0x0

.text             0x000200        0x7aa
 *(.init)
 .init            0x000200         0x2e c:/program files (x86)/microchip/mplabc30/v3.30/bin/bin/../../lib\libpic30-elf.a(crt0_extended.o)
                  0x000200                  __resetPRI
                  0x000200                  __reset
                  0x000222                  __psv_init
 .init            0x00022e         0x9a c:/program files (x86)/microchip/mplabc30/v3.30/bin/bin/../../lib\libpic30-elf.a(data_init_extended.o)
                  0x00022e                  __data_init
                  0x00022e                  __data_init_extended
 *(.user_init)
 *(.handle)
 .handle          0x0002c8         0x94 jump_table
 *(.isr*)
 .isr             0x00035c          0x4 default_isr
                  0x00035c                  __DefaultInterrupt
 *(.libc)
 *(.libm)
 *(.libdsp)
 *(.lib*)
 .libm.subsf3     0x000360         0xbc c:/program files (x86)/microchip/mplabc30/v3.30/bin/bin/../../lib\libm-elf.a(addsf3.eo)
                  0x000360                  ___subsf3
                  0x000362                  ___addsf3
 .libm.divfs3     0x00041c         0x84 c:/program files (x86)/microchip/mplabc30/v3.30/bin/bin/../../lib\libm-elf.a(divsf3.eo)
                  0x00041c                  ___divsf3
 .libm.divsi3     0x0004a0         0x1e c:/program files (x86)/microchip/mplabc30/v3.30/bin/bin/../../lib\libm-elf.a(divsi3.eo)
                  0x0004a0                  ___divsi3
 .libm.eqsf2      0x0004be          0x4 c:/program files (x86)/microchip/mplabc30/v3.30/bin/bin/../../lib\libm-elf.a(feqltle.eo)
                  0x0004be                  ___eqsf2
                  0x0004be                  ___ltsf2
                  0x0004be                  ___lesf2
 .libm.gtsf2      0x0004c2          0x4 c:/program files (x86)/microchip/mplabc30/v3.30/bin/bin/../../lib\libm-elf.a(fgtge.eo)
                  0x0004c2                  ___gesf2
                  0x0004c2                  ___gtsf2
 .libm.fixsfsi    0x0004c6         0x42 c:/program files (x86)/microchip/mplabc30/v3.30/bin/bin/../../lib\libm-elf.a(fixsfsi.eo)
                  0x0004c6                  _(float, int, long long, short, float, short, int)
 .libm.fixunssfsi
                  0x000508         0x36 c:/program files (x86)/microchip/mplabc30/v3.30/bin/bin/../../lib\libm-elf.a(fixunssfsi.eo)
                  0x000508                  ___fixunssfsi
 .libm.floatsisf
                  0x00053e         0x56 c:/program files (x86)/microchip/mplabc30/v3.30/bin/bin/../../lib\libm-elf.a(floatsisf.eo)
                  0x00053e                  ___floatsisf
 .libm.fpack      0x000594         0x4c c:/program files (x86)/microchip/mplabc30/v3.30/bin/bin/../../lib\libm-elf.a(fpack.eo)
                  0x000594                  __fpack
 .libm.funpack    0x0005e0         0x2a c:/program files (x86)/microchip/mplabc30/v3.30/bin/bin/../../lib\libm-elf.a(funpack.eo)
                  0x0005e0                  __funpack
 .libm.funpack2
                  0x00060a         0x10 c:/program files (x86)/microchip/mplabc30/v3.30/bin/bin/../../lib\libm-elf.a(funpack2.eo)
                  0x00060a                  __funpack2
 .libm.fPropagateNaN
                  0x00061a         0x12 c:/program files (x86)/microchip/mplabc30/v3.30/bin/bin/../../lib\libm-elf.a(futil.eo)
                  0x00061a                  __fPropagateNaN
 .libm.fbobExit
                  0x00062c          0x8 c:/program files (x86)/microchip/mplabc30/v3.30/bin/bin/../../lib\libm-elf.a(futil.eo)
                  0x00062c                  __fbopExit
 .libm.fbopReturnNaN
                  0x000634          0x6 c:/program files (x86)/microchip/mplabc30/v3.30/bin/bin/../../lib\libm-elf.a(futil.eo)
                  0x000634                  __fbopReturnNaN
 .libm.modsi3     0x00063a         0x1e c:/program files (x86)/microchip/mplabc30/v3.30/bin/bin/../../lib\libm-elf.a(modsi3.eo)
                  0x00063a                  ___modsi3
 .libm.mulsf3     0x000658         0x68 c:/program files (x86)/microchip/mplabc30/v3.30/bin/bin/../../lib\libm-elf.a(mulsf3.eo)
                  0x000658                  ___mulsf3
 .libm.udivsi3    0x0006c0         0x20 c:/program files (x86)/microchip/mplabc30/v3.30/bin/bin/../../lib\libm-elf.a(udivsi3.eo)
                  0x0006c0                  ___udivsi3
 .libm.umodsi3    0x0006e0          0x6 c:/program files (x86)/microchip/mplabc30/v3.30/bin/bin/../../lib\libm-elf.a(umodsi3.eo)
                  0x0006e0                  ___umodsi3
 .libm.__PplusBdi
                  0x0006e6         0x26 c:/program files (x86)/microchip/mplabc30/v3.30/bin/bin/../../lib\libm-elf.a(divmoddi3.eo)
 .libm.__udivmoddi3
                  0x00070c        0x128 c:/program files (x86)/microchip/mplabc30/v3.30/bin/bin/../../lib\libm-elf.a(divmoddi3.eo)
                  0x00070c                  ___udivmoddi3
 .libm.__udivdi3
                  0x000834          0xe c:/program files (x86)/microchip/mplabc30/v3.30/bin/bin/../../lib\libm-elf.a(divmoddi3.eo)
                  0x000834                  ___udivdi3
 .libm.__umoddi3
                  0x000842          0x8 c:/program files (x86)/microchip/mplabc30/v3.30/bin/bin/../../lib\libm-elf.a(divmoddi3.eo)
                  0x000842                  ___umoddi3
 .libm.__divdi3
                  0x00084a         0x6c c:/program files (x86)/microchip/mplabc30/v3.30/bin/bin/../../lib\libm-elf.a(divmoddi3.eo)
                  0x00084a                  ___divdi3
 .libm.__moddi3
                  0x0008b6         0x68 c:/program files (x86)/microchip/mplabc30/v3.30/bin/bin/../../lib\libm-elf.a(divmoddi3.eo)
                  0x0008b6                  ___moddi3
 .libm.fcompare
                  0x00091e         0x36 c:/program files (x86)/microchip/mplabc30/v3.30/bin/bin/../../lib\libm-elf.a(fcompare.eo)
                  0x00091e                  __fcompare
 .libc.memcpy     0x000954          0xe c:/program files (x86)/microchip/mplabc30/v3.30/bin/bin/../../lib\libc-elf.a(memcpy.XXeo)
                  0x000954                  _memcpy
 .libc.memset     0x000962          0xe c:/program files (x86)/microchip/mplabc30/v3.30/bin/bin/../../lib\libc-elf.a(memset.XXeo)
                  0x000962                  _memset
 .libc.strlen     0x000970          0xc c:/program files (x86)/microchip/mplabc30/v3.30/bin/bin/../../lib\libc-elf.a(strlen.XXeo)
                  0x000970                  _strlen
 .libc.strncpy    0x00097c         0x2e c:/program files (x86)/microchip/mplabc30/v3.30/bin/bin/../../lib\libc-elf.a(strncpy.XXeo)
                  0x00097c                  _strncpy

usercode
 *(usercode)

__CONFIG4
 *(__CONFIG4.sec*)

__CONFIG3         0x02abfa          0x2
 *(__CONFIG3.sec*)
 __CONFIG3.sec    0x02abfa          0x2 build/default/production/_ext/1472/main.o

__CONFIG2         0x02abfc          0x2
 *(__CONFIG2.sec*)
 __CONFIG2.sec    0x02abfc          0x2 build/default/production/_ext/1472/main.o

__CONFIG1         0x02abfe          0x2
 *(__CONFIG1.sec*)
 __CONFIG1.sec    0x02abfe          0x2 build/default/production/_ext/1472/main.o

.comment
 *(.comment)

.debug_info       0x000000      0x2171f
 *(.debug_info)
 .debug_info      0x000000        0x638 build/default/production/_ext/1472/RH_Control.o
 .debug_info      0x000638        0x945 build/default/production/_ext/1472/TempControl.o
 .debug_info      0x000f7d        0x1af build/default/production/_ext/1472/AC_Hz.o
 .debug_info      0x00112c        0x2a2 build/default/production/_ext/1472/AlarmContactRelay.o
 .debug_info      0x0013ce        0x665 build/default/production/_ext/1472/CO2_Control.o
 .debug_info      0x001a33        0x38a build/default/production/_ext/1472/EventRTC.o
 .debug_info      0x001dbd        0x6df build/default/production/_ext/1472/EventScheduler.o
 .debug_info      0x00249c       0x14d4 build/default/production/_ext/1472/EventTCPIP.o
 .debug_info      0x003970        0x1c0 build/default/production/_ext/1472/FailSafeRelay.o
 .debug_info      0x003b30        0x5ef build/default/production/_ext/1472/O2_Control.o
 .debug_info      0x00411f        0x42c build/default/production/_ext/1472/OMB_Mode.o
 .debug_info      0x00454b        0x50d build/default/production/_ext/1472/RTC_S35390.o
 .debug_info      0x004a58        0x987 build/default/production/_ext/1472/OMB_Output.o
 .debug_info      0x0053df        0x1c0 build/default/production/_ext/1472/EventBuzzer.o
 .debug_info      0x00559f        0xf79 build/default/production/_ext/1472/OMBLTC2439_Inputs.o
 .debug_info      0x006518       0x1374 build/default/production/_ext/1472/OMB_UTI_Comm.o
 .debug_info      0x00788c        0x6c9 build/default/production/_ext/1472/O2_RS485.o
 .debug_info      0x007f55        0x9ac build/default/production/_ext/1472/OMB_DigitalInputs.o
 .debug_info      0x008901        0x1a6 build/default/production/_ext/1472/USB.o
 .debug_info      0x008aa7        0x267 build/default/production/_ext/1472/Event_UV.o
 .debug_info      0x008d0e        0x358 build/default/production/_ext/1472/EEPROM_24AA1025.o
 .debug_info      0x009066        0x2fc build/default/production/_ext/1472/CO2_RS485.o
 .debug_info      0x009362        0x552 build/default/production/_ext/1472/OMB_AnalogOutput.o
 .debug_info      0x0098b4        0xea9 build/default/production/_ext/1472/p24FJ256DA210_UART2.o
 .debug_info      0x00a75d        0xb29 build/default/production/_ext/1472/p24FJ256DA210_UART1.o
 .debug_info      0x00b286        0x81d build/default/production/_ext/1472/p24FJ256DA210_Timer1.o
 .debug_info      0x00baa3        0x971 build/default/production/_ext/1472/p24FJ256DA210_I2C3.o
 .debug_info      0x00c414        0xfc6 build/default/production/_ext/1472/p24FJ256DA210_SPI1.o
 .debug_info      0x00d3da        0x3f3 build/default/production/_ext/1472/LTC2439.o
 .debug_info      0x00d7cd        0xcfd build/default/production/_ext/1472/p24FJ256DA210_I2C1.o
 .debug_info      0x00e4ca        0xb02 build/default/production/_ext/1472/p24FJ256DA210_ICN.o
 .debug_info      0x00efcc       0x20bf build/default/production/_ext/1472/p24FJ256DA210_OCx.o
 .debug_info      0x01108b        0x8de build/default/production/_ext/1472/p24FJ256DA210_Timer3.o
 .debug_info      0x011969        0x61c build/default/production/_ext/1472/Flash.o
 .debug_info      0x011f85       0x2db4 build/default/production/_ext/867694782/ENC28J60.o
 .debug_info      0x014d39        0x221 build/default/production/_ext/867694782/Delay.o
 .debug_info      0x014f5a        0xa6b build/default/production/_ext/867694782/StackTsk.o
 .debug_info      0x0159c5        0xf58 build/default/production/_ext/867694782/Helpers.o
 .debug_info      0x01691d        0xb6f build/default/production/_ext/867694782/Announce.o
 .debug_info      0x01748c       0x11ed build/default/production/_ext/867694782/UDP.o
 .debug_info      0x018679        0xbaf build/default/production/_ext/867694782/ARP.o
 .debug_info      0x019228       0x1126 build/default/production/_ext/867694782/DHCP.o
 .debug_info      0x01a34e        0x854 build/default/production/_ext/867694782/Tick.o
 .debug_info      0x01aba2        0xb62 build/default/production/_ext/867694782/IP.o
 .debug_info      0x01b704        0x781 build/default/production/_ext/867694782/ICMP.o
 .debug_info      0x01be85       0x21f5 build/default/production/_ext/867694782/TCP.o
 .debug_info      0x01e07a       0x311f build/default/production/_ext/1472/main.o
 .debug_info      0x021199        0x586 build/default/production/_ext/1472/General.o
 *(.gnu.linkonce.wi.*)

.debug_abbrev     0x000000       0x35d5
 *(.debug_abbrev)
 .debug_abbrev    0x000000         0xdf build/default/production/_ext/1472/RH_Control.o
 .debug_abbrev    0x0000df        0x107 build/default/production/_ext/1472/TempControl.o
 .debug_abbrev    0x0001e6         0x5b build/default/production/_ext/1472/AC_Hz.o
 .debug_abbrev    0x000241         0x5b build/default/production/_ext/1472/AlarmContactRelay.o
 .debug_abbrev    0x00029c         0xd2 build/default/production/_ext/1472/CO2_Control.o
 .debug_abbrev    0x00036e         0xf7 build/default/production/_ext/1472/EventRTC.o
 .debug_abbrev    0x000465        0x11d build/default/production/_ext/1472/EventScheduler.o
 .debug_abbrev    0x000582        0x265 build/default/production/_ext/1472/EventTCPIP.o
 .debug_abbrev    0x0007e7         0x5b build/default/production/_ext/1472/FailSafeRelay.o
 .debug_abbrev    0x000842         0xd2 build/default/production/_ext/1472/O2_Control.o
 .debug_abbrev    0x000914         0xe1 build/default/production/_ext/1472/OMB_Mode.o
 .debug_abbrev    0x0009f5         0xd5 build/default/production/_ext/1472/RTC_S35390.o
 .debug_abbrev    0x000aca         0xae build/default/production/_ext/1472/OMB_Output.o
 .debug_abbrev    0x000b78         0x5d build/default/production/_ext/1472/EventBuzzer.o
 .debug_abbrev    0x000bd5        0x102 build/default/production/_ext/1472/OMBLTC2439_Inputs.o
 .debug_abbrev    0x000cd7        0x1de build/default/production/_ext/1472/OMB_UTI_Comm.o
 .debug_abbrev    0x000eb5        0x111 build/default/production/_ext/1472/O2_RS485.o
 .debug_abbrev    0x000fc6         0xb0 build/default/production/_ext/1472/OMB_DigitalInputs.o
 .debug_abbrev    0x001076         0x5b build/default/production/_ext/1472/USB.o
 .debug_abbrev    0x0010d1         0xb1 build/default/production/_ext/1472/Event_UV.o
 .debug_abbrev    0x001182         0xdc build/default/production/_ext/1472/EEPROM_24AA1025.o
 .debug_abbrev    0x00125e         0xa9 build/default/production/_ext/1472/CO2_RS485.o
 .debug_abbrev    0x001307        0x109 build/default/production/_ext/1472/OMB_AnalogOutput.o
 .debug_abbrev    0x001410        0x12a build/default/production/_ext/1472/p24FJ256DA210_UART2.o
 .debug_abbrev    0x00153a        0x12a build/default/production/_ext/1472/p24FJ256DA210_UART1.o
 .debug_abbrev    0x001664         0xda build/default/production/_ext/1472/p24FJ256DA210_Timer1.o
 .debug_abbrev    0x00173e        0x152 build/default/production/_ext/1472/p24FJ256DA210_I2C3.o
 .debug_abbrev    0x001890        0x139 build/default/production/_ext/1472/p24FJ256DA210_SPI1.o
 .debug_abbrev    0x0019c9         0xdb build/default/production/_ext/1472/LTC2439.o
 .debug_abbrev    0x001aa4        0x11b build/default/production/_ext/1472/p24FJ256DA210_I2C1.o
 .debug_abbrev    0x001bbf         0xc3 build/default/production/_ext/1472/p24FJ256DA210_ICN.o
 .debug_abbrev    0x001c82         0xed build/default/production/_ext/1472/p24FJ256DA210_OCx.o
 .debug_abbrev    0x001d6f         0xb2 build/default/production/_ext/1472/p24FJ256DA210_Timer3.o
 .debug_abbrev    0x001e21        0x138 build/default/production/_ext/1472/Flash.o
 .debug_abbrev    0x001f59        0x2af build/default/production/_ext/867694782/ENC28J60.o
 .debug_abbrev    0x002208         0x73 build/default/production/_ext/867694782/Delay.o
 .debug_abbrev    0x00227b        0x17b build/default/production/_ext/867694782/StackTsk.o
 .debug_abbrev    0x0023f6        0x1a4 build/default/production/_ext/867694782/Helpers.o
 .debug_abbrev    0x00259a        0x175 build/default/production/_ext/867694782/Announce.o
 .debug_abbrev    0x00270f        0x263 build/default/production/_ext/867694782/UDP.o
 .debug_abbrev    0x002972        0x1d6 build/default/production/_ext/867694782/ARP.o
 .debug_abbrev    0x002b48        0x222 build/default/production/_ext/867694782/DHCP.o
 .debug_abbrev    0x002d6a        0x154 build/default/production/_ext/867694782/Tick.o
 .debug_abbrev    0x002ebe        0x1a3 build/default/production/_ext/867694782/IP.o
 .debug_abbrev    0x003061         0xfb build/default/production/_ext/867694782/ICMP.o
 .debug_abbrev    0x00315c        0x240 build/default/production/_ext/867694782/TCP.o
 .debug_abbrev    0x00339c        0x179 build/default/production/_ext/1472/main.o
 .debug_abbrev    0x003515         0xc0 build/default/production/_ext/1472/General.o

.debug_line       0x000000      0x11433
 *(.debug_line)
 .debug_line      0x000000        0x5b8 build/default/production/_ext/1472/RH_Control.o
 .debug_line      0x0005b8        0x891 build/default/production/_ext/1472/TempControl.o
 .debug_line      0x000e49        0x236 build/default/production/_ext/1472/AC_Hz.o
 .debug_line      0x00107f        0x2ca build/default/production/_ext/1472/AlarmContactRelay.o
 .debug_line      0x001349        0x54b build/default/production/_ext/1472/CO2_Control.o
 .debug_line      0x001894        0x349 build/default/production/_ext/1472/EventRTC.o
 .debug_line      0x001bdd        0x517 build/default/production/_ext/1472/EventScheduler.o
 .debug_line      0x0020f4        0x981 build/default/production/_ext/1472/EventTCPIP.o
 .debug_line      0x002a75        0x23e build/default/production/_ext/1472/FailSafeRelay.o
 .debug_line      0x002cb3        0x57a build/default/production/_ext/1472/O2_Control.o
 .debug_line      0x00322d        0x68a build/default/production/_ext/1472/OMB_Mode.o
 .debug_line      0x0038b7        0x603 build/default/production/_ext/1472/RTC_S35390.o
 .debug_line      0x003eba        0x5cb build/default/production/_ext/1472/OMB_Output.o
 .debug_line      0x004485        0x23c build/default/production/_ext/1472/EventBuzzer.o
 .debug_line      0x0046c1        0x8b2 build/default/production/_ext/1472/OMBLTC2439_Inputs.o
 .debug_line      0x004f73        0xb7c build/default/production/_ext/1472/OMB_UTI_Comm.o
 .debug_line      0x005aef        0x608 build/default/production/_ext/1472/O2_RS485.o
 .debug_line      0x0060f7        0x61a build/default/production/_ext/1472/OMB_DigitalInputs.o
 .debug_line      0x006711        0x234 build/default/production/_ext/1472/USB.o
 .debug_line      0x006945        0x299 build/default/production/_ext/1472/Event_UV.o
 .debug_line      0x006bde        0x472 build/default/production/_ext/1472/EEPROM_24AA1025.o
 .debug_line      0x007050        0x3c3 build/default/production/_ext/1472/CO2_RS485.o
 .debug_line      0x007413        0x6ac build/default/production/_ext/1472/OMB_AnalogOutput.o
 .debug_line      0x007abf        0x3d6 build/default/production/_ext/1472/p24FJ256DA210_UART2.o
 .debug_line      0x007e95        0x336 build/default/production/_ext/1472/p24FJ256DA210_UART1.o
 .debug_line      0x0081cb        0x32b build/default/production/_ext/1472/p24FJ256DA210_Timer1.o
 .debug_line      0x0084f6        0x415 build/default/production/_ext/1472/p24FJ256DA210_I2C3.o
 .debug_line      0x00890b        0x3dd build/default/production/_ext/1472/p24FJ256DA210_SPI1.o
 .debug_line      0x008ce8        0x3fe build/default/production/_ext/1472/LTC2439.o
 .debug_line      0x0090e6        0x451 build/default/production/_ext/1472/p24FJ256DA210_I2C1.o
 .debug_line      0x009537        0x194 build/default/production/_ext/1472/p24FJ256DA210_ICN.o
 .debug_line      0x0096cb        0x500 build/default/production/_ext/1472/p24FJ256DA210_OCx.o
 .debug_line      0x009bcb        0x31b build/default/production/_ext/1472/p24FJ256DA210_Timer3.o
 .debug_line      0x009ee6        0x514 build/default/production/_ext/1472/Flash.o
 .debug_line      0x00a3fa       0x110d build/default/production/_ext/867694782/ENC28J60.o
 .debug_line      0x00b507        0x20a build/default/production/_ext/867694782/Delay.o
 .debug_line      0x00b711        0x335 build/default/production/_ext/867694782/StackTsk.o
 .debug_line      0x00ba46        0x8fb build/default/production/_ext/867694782/Helpers.o
 .debug_line      0x00c341        0x315 build/default/production/_ext/867694782/Announce.o
 .debug_line      0x00c656        0x837 build/default/production/_ext/867694782/UDP.o
 .debug_line      0x00ce8d        0x443 build/default/production/_ext/867694782/ARP.o
 .debug_line      0x00d2d0        0xa0f build/default/production/_ext/867694782/DHCP.o
 .debug_line      0x00dcdf        0x341 build/default/production/_ext/867694782/Tick.o
 .debug_line      0x00e020        0x30f build/default/production/_ext/867694782/IP.o
 .debug_line      0x00e32f        0x239 build/default/production/_ext/867694782/ICMP.o
 .debug_line      0x00e568       0x232c build/default/production/_ext/867694782/TCP.o
 .debug_line      0x010894        0x5cb build/default/production/_ext/1472/main.o
 .debug_line      0x010e5f        0x5d4 build/default/production/_ext/1472/General.o

.debug_frame      0x000000       0x1ff0
 *(.debug_frame)
 .debug_frame     0x000000         0xd7 build/default/production/_ext/1472/RH_Control.o
 .debug_frame     0x0000d7        0x147 build/default/production/_ext/1472/TempControl.o
 .debug_frame     0x00021e         0x27 build/default/production/_ext/1472/AC_Hz.o
 .debug_frame     0x000245         0x27 build/default/production/_ext/1472/AlarmContactRelay.o
 .debug_frame     0x00026c         0xd7 build/default/production/_ext/1472/CO2_Control.o
 .debug_frame     0x000343         0x67 build/default/production/_ext/1472/EventRTC.o
 .debug_frame     0x0003aa         0xe7 build/default/production/_ext/1472/EventScheduler.o
 .debug_frame     0x000491         0xe7 build/default/production/_ext/1472/EventTCPIP.o
 .debug_frame     0x000578         0x27 build/default/production/_ext/1472/FailSafeRelay.o
 .debug_frame     0x00059f         0xd7 build/default/production/_ext/1472/O2_Control.o
 .debug_frame     0x000676         0xa7 build/default/production/_ext/1472/OMB_Mode.o
 .debug_frame     0x00071d         0xa7 build/default/production/_ext/1472/RTC_S35390.o
 .debug_frame     0x0007c4         0xa7 build/default/production/_ext/1472/OMB_Output.o
 .debug_frame     0x00086b         0x27 build/default/production/_ext/1472/EventBuzzer.o
 .debug_frame     0x000892        0x147 build/default/production/_ext/1472/OMBLTC2439_Inputs.o
 .debug_frame     0x0009d9         0xc7 build/default/production/_ext/1472/OMB_UTI_Comm.o
 .debug_frame     0x000aa0         0xc7 build/default/production/_ext/1472/O2_RS485.o
 .debug_frame     0x000b67         0xe7 build/default/production/_ext/1472/OMB_DigitalInputs.o
 .debug_frame     0x000c4e         0x27 build/default/production/_ext/1472/USB.o
 .debug_frame     0x000c75         0x37 build/default/production/_ext/1472/Event_UV.o
 .debug_frame     0x000cac         0x57 build/default/production/_ext/1472/EEPROM_24AA1025.o
 .debug_frame     0x000d03         0x37 build/default/production/_ext/1472/CO2_RS485.o
 .debug_frame     0x000d3a         0x77 build/default/production/_ext/1472/OMB_AnalogOutput.o
 .debug_frame     0x000db1         0xd7 build/default/production/_ext/1472/p24FJ256DA210_UART2.o
 .debug_frame     0x000e88         0xc7 build/default/production/_ext/1472/p24FJ256DA210_UART1.o
 .debug_frame     0x000f4f         0x87 build/default/production/_ext/1472/p24FJ256DA210_Timer1.o
 .debug_frame     0x000fd6        0x127 build/default/production/_ext/1472/p24FJ256DA210_I2C3.o
 .debug_frame     0x0010fd        0x107 build/default/production/_ext/1472/p24FJ256DA210_SPI1.o
 .debug_frame     0x001204         0x47 build/default/production/_ext/1472/LTC2439.o
 .debug_frame     0x00124b         0xd7 build/default/production/_ext/1472/p24FJ256DA210_I2C1.o
 .debug_frame     0x001322         0x57 build/default/production/_ext/1472/p24FJ256DA210_ICN.o
 .debug_frame     0x001379         0xa7 build/default/production/_ext/1472/p24FJ256DA210_OCx.o
 .debug_frame     0x001420         0x67 build/default/production/_ext/1472/p24FJ256DA210_Timer3.o
 .debug_frame     0x001487         0xa7 build/default/production/_ext/1472/Flash.o
 .debug_frame     0x00152e        0x217 build/default/production/_ext/867694782/ENC28J60.o
 .debug_frame     0x001745         0x37 build/default/production/_ext/867694782/Delay.o
 .debug_frame     0x00177c         0x47 build/default/production/_ext/867694782/StackTsk.o
 .debug_frame     0x0017c3        0x117 build/default/production/_ext/867694782/Helpers.o
 .debug_frame     0x0018da         0x37 build/default/production/_ext/867694782/Announce.o
 .debug_frame     0x001911        0x137 build/default/production/_ext/867694782/UDP.o
 .debug_frame     0x001a48         0x87 build/default/production/_ext/867694782/ARP.o
 .debug_frame     0x001acf         0xc7 build/default/production/_ext/867694782/DHCP.o
 .debug_frame     0x001b96         0x87 build/default/production/_ext/867694782/Tick.o
 .debug_frame     0x001c1d         0x57 build/default/production/_ext/867694782/IP.o
 .debug_frame     0x001c74         0x27 build/default/production/_ext/867694782/ICMP.o
 .debug_frame     0x001c9b        0x237 build/default/production/_ext/867694782/TCP.o
 .debug_frame     0x001ed2         0x57 build/default/production/_ext/1472/main.o
 .debug_frame     0x001f29         0xc7 build/default/production/_ext/1472/General.o

.debug_str        0x000000        0x6b5
 *(.debug_str)
 .debug_str       0x000000         0x19 build/default/production/_ext/1472/RH_Control.o
 .debug_str       0x000019         0x19 build/default/production/_ext/1472/TempControl.o
 .debug_str       0x000032          0xd build/default/production/_ext/1472/AC_Hz.o
 .debug_str       0x00003f          0xd build/default/production/_ext/1472/AlarmContactRelay.o
 .debug_str       0x00004c         0x19 build/default/production/_ext/1472/CO2_Control.o
 .debug_str       0x000065         0x14 build/default/production/_ext/1472/EventRTC.o
 .debug_str       0x000079         0x2c build/default/production/_ext/1472/EventScheduler.o
 .debug_str       0x0000a5         0x61 build/default/production/_ext/1472/EventTCPIP.o
 .debug_str       0x000106          0xd build/default/production/_ext/1472/FailSafeRelay.o
 .debug_str       0x000113         0x19 build/default/production/_ext/1472/O2_Control.o
 .debug_str       0x00012c         0x19 build/default/production/_ext/1472/OMB_Mode.o
 .debug_str       0x000145         0x18 build/default/production/_ext/1472/RTC_S35390.o
 .debug_str       0x00015d          0xd build/default/production/_ext/1472/OMB_Output.o
 .debug_str       0x00016a          0xd build/default/production/_ext/1472/EventBuzzer.o
 .debug_str       0x000177         0x25 build/default/production/_ext/1472/OMBLTC2439_Inputs.o
 .debug_str       0x00019c         0x3a build/default/production/_ext/1472/OMB_UTI_Comm.o
 .debug_str       0x0001d6         0x4f build/default/production/_ext/1472/O2_RS485.o
 .debug_str       0x000225          0xd build/default/production/_ext/1472/OMB_DigitalInputs.o
 .debug_str       0x000232          0xd build/default/production/_ext/1472/USB.o
 .debug_str       0x00023f          0xd build/default/production/_ext/1472/Event_UV.o
 .debug_str       0x00024c         0x25 build/default/production/_ext/1472/EEPROM_24AA1025.o
 .debug_str       0x000271         0x1a build/default/production/_ext/1472/CO2_RS485.o
 .debug_str       0x00028b         0x1e build/default/production/_ext/1472/OMB_AnalogOutput.o
 .debug_str       0x0002a9          0xd build/default/production/_ext/1472/p24FJ256DA210_UART2.o
 .debug_str       0x0002b6          0xd build/default/production/_ext/1472/p24FJ256DA210_UART1.o
 .debug_str       0x0002c3          0xd build/default/production/_ext/1472/p24FJ256DA210_Timer1.o
 .debug_str       0x0002d0         0x15 build/default/production/_ext/1472/p24FJ256DA210_I2C3.o
 .debug_str       0x0002e5         0x18 build/default/production/_ext/1472/p24FJ256DA210_SPI1.o
 .debug_str       0x0002fd          0xd build/default/production/_ext/1472/LTC2439.o
 .debug_str       0x00030a          0xd build/default/production/_ext/1472/p24FJ256DA210_I2C1.o
 .debug_str       0x000317          0xd build/default/production/_ext/1472/p24FJ256DA210_ICN.o
 .debug_str       0x000324        0x105 build/default/production/_ext/1472/p24FJ256DA210_OCx.o
 .debug_str       0x000429          0xd build/default/production/_ext/1472/p24FJ256DA210_Timer3.o
 .debug_str       0x000436         0x32 build/default/production/_ext/1472/Flash.o
 .debug_str       0x000468         0x7a build/default/production/_ext/867694782/ENC28J60.o
 .debug_str       0x0004e2          0xd build/default/production/_ext/867694782/Delay.o
 .debug_str       0x0004ef          0xd build/default/production/_ext/867694782/StackTsk.o
 .debug_str       0x0004fc          0xd build/default/production/_ext/867694782/Helpers.o
 .debug_str       0x000509         0x21 build/default/production/_ext/867694782/Announce.o
 .debug_str       0x00052a         0x4e build/default/production/_ext/867694782/UDP.o
 .debug_str       0x000578         0x1b build/default/production/_ext/867694782/ARP.o
 .debug_str       0x000593         0x18 build/default/production/_ext/867694782/DHCP.o
 .debug_str       0x0005ab          0xd build/default/production/_ext/867694782/Tick.o
 .debug_str       0x0005b8         0x16 build/default/production/_ext/867694782/IP.o
 .debug_str       0x0005ce          0xd build/default/production/_ext/867694782/ICMP.o
 .debug_str       0x0005db         0xb9 build/default/production/_ext/867694782/TCP.o
 .debug_str       0x000694          0xd build/default/production/_ext/1472/main.o
 .debug_str       0x0006a1         0x14 build/default/production/_ext/1472/General.o

.debug_loc
 *(.debug_loc)

.debug_macinfo
 *(.debug_macinfo)

.debug_pubnames
                  0x000000       0x322a
 *(.debug_pubnames)
 .debug_pubnames
                  0x000000        0x20e build/default/production/_ext/1472/RH_Control.o
 .debug_pubnames
                  0x00020e        0x31f build/default/production/_ext/1472/TempControl.o
 .debug_pubnames
                  0x00052d         0x26 build/default/production/_ext/1472/AC_Hz.o
 .debug_pubnames
                  0x000553         0x33 build/default/production/_ext/1472/AlarmContactRelay.o
 .debug_pubnames
                  0x000586        0x1f6 build/default/production/_ext/1472/CO2_Control.o
 .debug_pubnames
                  0x00077c         0x78 build/default/production/_ext/1472/EventRTC.o
 .debug_pubnames
                  0x0007f4        0x172 build/default/production/_ext/1472/EventScheduler.o
 .debug_pubnames
                  0x000966        0x1d2 build/default/production/_ext/1472/EventTCPIP.o
 .debug_pubnames
                  0x000b38         0x2f build/default/production/_ext/1472/FailSafeRelay.o
 .debug_pubnames
                  0x000b67        0x1a8 build/default/production/_ext/1472/O2_Control.o
 .debug_pubnames
                  0x000d0f         0xdb build/default/production/_ext/1472/OMB_Mode.o
 .debug_pubnames
                  0x000dea        0x153 build/default/production/_ext/1472/RTC_S35390.o
 .debug_pubnames
                  0x000f3d         0xd6 build/default/production/_ext/1472/OMB_Output.o
 .debug_pubnames
                  0x001013         0x34 build/default/production/_ext/1472/EventBuzzer.o
 .debug_pubnames
                  0x001047        0x65b build/default/production/_ext/1472/OMBLTC2439_Inputs.o
 .debug_pubnames
                  0x0016a2        0x19f build/default/production/_ext/1472/OMB_UTI_Comm.o
 .debug_pubnames
                  0x001841        0x161 build/default/production/_ext/1472/O2_RS485.o
 .debug_pubnames
                  0x0019a2        0x147 build/default/production/_ext/1472/OMB_DigitalInputs.o
 .debug_pubnames
                  0x001ae9         0x1f build/default/production/_ext/1472/USB.o
 .debug_pubnames
                  0x001b08         0x45 build/default/production/_ext/1472/Event_UV.o
 .debug_pubnames
                  0x001b4d         0x70 build/default/production/_ext/1472/EEPROM_24AA1025.o
 .debug_pubnames
                  0x001bbd         0x8f build/default/production/_ext/1472/CO2_RS485.o
 .debug_pubnames
                  0x001c4c         0xc1 build/default/production/_ext/1472/OMB_AnalogOutput.o
 .debug_pubnames
                  0x001d0d        0x12e build/default/production/_ext/1472/p24FJ256DA210_UART2.o
 .debug_pubnames
                  0x001e3b        0x11b build/default/production/_ext/1472/p24FJ256DA210_UART1.o
 .debug_pubnames
                  0x001f56         0xbb build/default/production/_ext/1472/p24FJ256DA210_Timer1.o
 .debug_pubnames
                  0x002011        0x1a7 build/default/production/_ext/1472/p24FJ256DA210_I2C3.o
 .debug_pubnames
                  0x0021b8        0x193 build/default/production/_ext/1472/p24FJ256DA210_SPI1.o
 .debug_pubnames
                  0x00234b         0x79 build/default/production/_ext/1472/LTC2439.o
 .debug_pubnames
                  0x0023c4        0x1b3 build/default/production/_ext/1472/p24FJ256DA210_I2C1.o
 .debug_pubnames
                  0x002577         0x7f build/default/production/_ext/1472/p24FJ256DA210_ICN.o
 .debug_pubnames
                  0x0025f6         0xe7 build/default/production/_ext/1472/p24FJ256DA210_OCx.o
 .debug_pubnames
                  0x0026dd         0x7e build/default/production/_ext/1472/p24FJ256DA210_Timer3.o
 .debug_pubnames
                  0x00275b         0xd9 build/default/production/_ext/1472/Flash.o
 .debug_pubnames
                  0x002834        0x1b8 build/default/production/_ext/867694782/ENC28J60.o
 .debug_pubnames
                  0x0029ec         0x2c build/default/production/_ext/867694782/Delay.o
 .debug_pubnames
                  0x002a18         0x53 build/default/production/_ext/867694782/StackTsk.o
 .debug_pubnames
                  0x002a6b        0x10a build/default/production/_ext/867694782/Helpers.o
 .debug_pubnames
                  0x002b75         0x33 build/default/production/_ext/867694782/Announce.o
 .debug_pubnames
                  0x002ba8        0x155 build/default/production/_ext/867694782/UDP.o
 .debug_pubnames
                  0x002cfd         0x6f build/default/production/_ext/867694782/ARP.o
 .debug_pubnames
                  0x002d6c         0xcc build/default/production/_ext/867694782/DHCP.o
 .debug_pubnames
                  0x002e38         0x7e build/default/production/_ext/867694782/Tick.o
 .debug_pubnames
                  0x002eb6         0x44 build/default/production/_ext/867694782/IP.o
 .debug_pubnames
                  0x002efa         0x22 build/default/production/_ext/867694782/ICMP.o
 .debug_pubnames
                  0x002f1c        0x1ba build/default/production/_ext/867694782/TCP.o
 .debug_pubnames
                  0x0030d6         0x85 build/default/production/_ext/1472/main.o
 .debug_pubnames
                  0x00315b         0xcf build/default/production/_ext/1472/General.o

.debug_ranges
 *(.debug_ranges)

.debug_aranges    0x000000        0x600
 *(.debug_aranges)
 .debug_aranges
                  0x000000         0x20 build/default/production/_ext/1472/RH_Control.o
 .debug_aranges
                  0x000020         0x20 build/default/production/_ext/1472/TempControl.o
 .debug_aranges
                  0x000040         0x20 build/default/production/_ext/1472/AC_Hz.o
 .debug_aranges
                  0x000060         0x20 build/default/production/_ext/1472/AlarmContactRelay.o
 .debug_aranges
                  0x000080         0x20 build/default/production/_ext/1472/CO2_Control.o
 .debug_aranges
                  0x0000a0         0x20 build/default/production/_ext/1472/EventRTC.o
 .debug_aranges
                  0x0000c0         0x20 build/default/production/_ext/1472/EventScheduler.o
 .debug_aranges
                  0x0000e0         0x20 build/default/production/_ext/1472/EventTCPIP.o
 .debug_aranges
                  0x000100         0x20 build/default/production/_ext/1472/FailSafeRelay.o
 .debug_aranges
                  0x000120         0x20 build/default/production/_ext/1472/O2_Control.o
 .debug_aranges
                  0x000140         0x20 build/default/production/_ext/1472/OMB_Mode.o
 .debug_aranges
                  0x000160         0x20 build/default/production/_ext/1472/RTC_S35390.o
 .debug_aranges
                  0x000180         0x20 build/default/production/_ext/1472/OMB_Output.o
 .debug_aranges
                  0x0001a0         0x20 build/default/production/_ext/1472/EventBuzzer.o
 .debug_aranges
                  0x0001c0         0x20 build/default/production/_ext/1472/OMBLTC2439_Inputs.o
 .debug_aranges
                  0x0001e0         0x20 build/default/production/_ext/1472/OMB_UTI_Comm.o
 .debug_aranges
                  0x000200         0x20 build/default/production/_ext/1472/O2_RS485.o
 .debug_aranges
                  0x000220         0x20 build/default/production/_ext/1472/OMB_DigitalInputs.o
 .debug_aranges
                  0x000240         0x20 build/default/production/_ext/1472/USB.o
 .debug_aranges
                  0x000260         0x20 build/default/production/_ext/1472/Event_UV.o
 .debug_aranges
                  0x000280         0x20 build/default/production/_ext/1472/EEPROM_24AA1025.o
 .debug_aranges
                  0x0002a0         0x20 build/default/production/_ext/1472/CO2_RS485.o
 .debug_aranges
                  0x0002c0         0x20 build/default/production/_ext/1472/OMB_AnalogOutput.o
 .debug_aranges
                  0x0002e0         0x20 build/default/production/_ext/1472/p24FJ256DA210_UART2.o
 .debug_aranges
                  0x000300         0x20 build/default/production/_ext/1472/p24FJ256DA210_UART1.o
 .debug_aranges
                  0x000320         0x20 build/default/production/_ext/1472/p24FJ256DA210_Timer1.o
 .debug_aranges
                  0x000340         0x20 build/default/production/_ext/1472/p24FJ256DA210_I2C3.o
 .debug_aranges
                  0x000360         0x20 build/default/production/_ext/1472/p24FJ256DA210_SPI1.o
 .debug_aranges
                  0x000380         0x20 build/default/production/_ext/1472/LTC2439.o
 .debug_aranges
                  0x0003a0         0x20 build/default/production/_ext/1472/p24FJ256DA210_I2C1.o
 .debug_aranges
                  0x0003c0         0x20 build/default/production/_ext/1472/p24FJ256DA210_ICN.o
 .debug_aranges
                  0x0003e0         0x20 build/default/production/_ext/1472/p24FJ256DA210_OCx.o
 .debug_aranges
                  0x000400         0x20 build/default/production/_ext/1472/p24FJ256DA210_Timer3.o
 .debug_aranges
                  0x000420         0x20 build/default/production/_ext/1472/Flash.o
 .debug_aranges
                  0x000440         0x20 build/default/production/_ext/867694782/ENC28J60.o
 .debug_aranges
                  0x000460         0x20 build/default/production/_ext/867694782/Delay.o
 .debug_aranges
                  0x000480         0x20 build/default/production/_ext/867694782/StackTsk.o
 .debug_aranges
                  0x0004a0         0x20 build/default/production/_ext/867694782/Helpers.o
 .debug_aranges
                  0x0004c0         0x20 build/default/production/_ext/867694782/Announce.o
 .debug_aranges
                  0x0004e0         0x20 build/default/production/_ext/867694782/UDP.o
 .debug_aranges
                  0x000500         0x20 build/default/production/_ext/867694782/ARP.o
 .debug_aranges
                  0x000520         0x20 build/default/production/_ext/867694782/DHCP.o
 .debug_aranges
                  0x000540         0x20 build/default/production/_ext/867694782/Tick.o
 .debug_aranges
                  0x000560         0x20 build/default/production/_ext/867694782/IP.o
 .debug_aranges
                  0x000580         0x20 build/default/production/_ext/867694782/ICMP.o
 .debug_aranges
                  0x0005a0         0x20 build/default/production/_ext/867694782/TCP.o
 .debug_aranges
                  0x0005c0         0x20 build/default/production/_ext/1472/main.o
 .debug_aranges
                  0x0005e0         0x20 build/default/production/_ext/1472/General.o

.ivt              0x000004         0xfc
                  0x000004          0x4 LONG 0x35c DEFINED (__ReservedTrap0)?ABSOLUTE (__ReservedTrap0):ABSOLUTE (__DefaultInterrupt)
                  0x000006          0x4 LONG 0x35c DEFINED (__OscillatorFail)?ABSOLUTE (__OscillatorFail):ABSOLUTE (__DefaultInterrupt)
                  0x000008          0x4 LONG 0x410c DEFINED (__AddressError)?ABSOLUTE (__AddressError):ABSOLUTE (__DefaultInterrupt)
                  0x00000a          0x4 LONG 0x4116 DEFINED (__StackError)?ABSOLUTE (__StackError):ABSOLUTE (__DefaultInterrupt)
                  0x00000c          0x4 LONG 0x35c DEFINED (__MathError)?ABSOLUTE (__MathError):ABSOLUTE (__DefaultInterrupt)
                  0x00000e          0x4 LONG 0x35c DEFINED (__ReservedTrap5)?ABSOLUTE (__ReservedTrap5):ABSOLUTE (__DefaultInterrupt)
                  0x000010          0x4 LONG 0x35c DEFINED (__ReservedTrap6)?ABSOLUTE (__ReservedTrap6):ABSOLUTE (__DefaultInterrupt)
                  0x000012          0x4 LONG 0x35c DEFINED (__ReservedTrap7)?ABSOLUTE (__ReservedTrap7):ABSOLUTE (__DefaultInterrupt)
                  0x000014          0x4 LONG 0x35c DEFINED (__INT0Interrupt)?ABSOLUTE (__INT0Interrupt):ABSOLUTE (__DefaultInterrupt)
                  0x000016          0x4 LONG 0x35c DEFINED (__IC1Interrupt)?ABSOLUTE (__IC1Interrupt):ABSOLUTE (__DefaultInterrupt)
                  0x000018          0x4 LONG 0x35c DEFINED (__OC1Interrupt)?ABSOLUTE (__OC1Interrupt):ABSOLUTE (__DefaultInterrupt)
                  0x00001a          0x4 LONG 0xc3d6 DEFINED (__T1Interrupt)?ABSOLUTE (__T1Interrupt):ABSOLUTE (__DefaultInterrupt)
                  0x00001c          0x4 LONG 0x35c DEFINED (__Interrupt4)?ABSOLUTE (__Interrupt4):ABSOLUTE (__DefaultInterrupt)
                  0x00001e          0x4 LONG 0x35c DEFINED (__IC2Interrupt)?ABSOLUTE (__IC2Interrupt):ABSOLUTE (__DefaultInterrupt)
                  0x000020          0x4 LONG 0x35c DEFINED (__OC2Interrupt)?ABSOLUTE (__OC2Interrupt):ABSOLUTE (__DefaultInterrupt)
                  0x000022          0x4 LONG 0xc178 DEFINED (__T2Interrupt)?ABSOLUTE (__T2Interrupt):ABSOLUTE (__DefaultInterrupt)
                  0x000024          0x4 LONG 0xc474 DEFINED (__T3Interrupt)?ABSOLUTE (__T3Interrupt):ABSOLUTE (__DefaultInterrupt)
                  0x000026          0x4 LONG 0x35c DEFINED (__SPI1ErrInterrupt)?ABSOLUTE (__SPI1ErrInterrupt):ABSOLUTE (__DefaultInterrupt)
                  0x000028          0x4 LONG 0xb912 DEFINED (__SPI1Interrupt)?ABSOLUTE (__SPI1Interrupt):ABSOLUTE (__DefaultInterrupt)
                  0x00002a          0x4 LONG 0xbd9c DEFINED (__U1RXInterrupt)?ABSOLUTE (__U1RXInterrupt):ABSOLUTE (__DefaultInterrupt)
                  0x00002c          0x4 LONG 0x35c DEFINED (__U1TXInterrupt)?ABSOLUTE (__U1TXInterrupt):ABSOLUTE (__DefaultInterrupt)
                  0x00002e          0x4 LONG 0x35c DEFINED (__ADC1Interrupt)?ABSOLUTE (__ADC1Interrupt):ABSOLUTE (__DefaultInterrupt)
                  0x000030          0x4 LONG 0x35c DEFINED (__Interrupt14)?ABSOLUTE (__Interrupt14):ABSOLUTE (__DefaultInterrupt)
                  0x000032          0x4 LONG 0x35c DEFINED (__Interrupt15)?ABSOLUTE (__Interrupt15):ABSOLUTE (__DefaultInterrupt)
                  0x000034          0x4 LONG 0xbbde DEFINED (__SI2C1Interrupt)?ABSOLUTE (__SI2C1Interrupt):ABSOLUTE (__DefaultInterrupt)
                  0x000036          0x4 LONG 0x35c DEFINED (__MI2C1Interrupt)?ABSOLUTE (__MI2C1Interrupt):ABSOLUTE (__DefaultInterrupt)
                  0x000038          0x4 LONG 0x35c DEFINED (__CompInterrupt)?ABSOLUTE (__CompInterrupt):ABSOLUTE (__DefaultInterrupt)
                  0x00003a          0x4 LONG 0xc5ec DEFINED (__CNInterrupt)?ABSOLUTE (__CNInterrupt):ABSOLUTE (__DefaultInterrupt)
                  0x00003c          0x4 LONG 0x35c DEFINED (__INT1Interrupt)?ABSOLUTE (__INT1Interrupt):ABSOLUTE (__DefaultInterrupt)
                  0x00003e          0x4 LONG 0x35c DEFINED (__Interrupt21)?ABSOLUTE (__Interrupt21):ABSOLUTE (__DefaultInterrupt)
                  0x000040          0x4 LONG 0x35c DEFINED (__IC7Interrupt)?ABSOLUTE (__IC7Interrupt):ABSOLUTE (__DefaultInterrupt)
                  0x000042          0x4 LONG 0x35c DEFINED (__IC8Interrupt)?ABSOLUTE (__IC8Interrupt):ABSOLUTE (__DefaultInterrupt)
                  0x000044          0x4 LONG 0x35c DEFINED (__Interrupt24)?ABSOLUTE (__Interrupt24):ABSOLUTE (__DefaultInterrupt)
                  0x000046          0x4 LONG 0x35c DEFINED (__OC3Interrupt)?ABSOLUTE (__OC3Interrupt):ABSOLUTE (__DefaultInterrupt)
                  0x000048          0x4 LONG 0x35c DEFINED (__OC4Interrupt)?ABSOLUTE (__OC4Interrupt):ABSOLUTE (__DefaultInterrupt)
                  0x00004a          0x4 LONG 0x35c DEFINED (__T4Interrupt)?ABSOLUTE (__T4Interrupt):ABSOLUTE (__DefaultInterrupt)
                  0x00004c          0x4 LONG 0x35c DEFINED (__T5Interrupt)?ABSOLUTE (__T5Interrupt):ABSOLUTE (__DefaultInterrupt)
                  0x00004e          0x4 LONG 0x35c DEFINED (__INT2Interrupt)?ABSOLUTE (__INT2Interrupt):ABSOLUTE (__DefaultInterrupt)
                  0x000050          0x4 LONG 0xb49c DEFINED (__U2RXInterrupt)?ABSOLUTE (__U2RXInterrupt):ABSOLUTE (__DefaultInterrupt)
                  0x000052          0x4 LONG 0x35c DEFINED (__U2TXInterrupt)?ABSOLUTE (__U2TXInterrupt):ABSOLUTE (__DefaultInterrupt)
                  0x000054          0x4 LONG 0x35c DEFINED (__SPI2ErrInterrupt)?ABSOLUTE (__SPI2ErrInterrupt):ABSOLUTE (__DefaultInterrupt)
                  0x000056          0x4 LONG 0x35c DEFINED (__SPI2Interrupt)?ABSOLUTE (__SPI2Interrupt):ABSOLUTE (__DefaultInterrupt)
                  0x000058          0x4 LONG 0x35c DEFINED (__Interrupt34)?ABSOLUTE (__Interrupt34):ABSOLUTE (__DefaultInterrupt)
                  0x00005a          0x4 LONG 0x35c DEFINED (__Interrupt35)?ABSOLUTE (__Interrupt35):ABSOLUTE (__DefaultInterrupt)
                  0x00005c          0x4 LONG 0x35c DEFINED (__Interrupt36)?ABSOLUTE (__Interrupt36):ABSOLUTE (__DefaultInterrupt)
                  0x00005e          0x4 LONG 0x35c DEFINED (__IC3Interrupt)?ABSOLUTE (__IC3Interrupt):ABSOLUTE (__DefaultInterrupt)
                  0x000060          0x4 LONG 0x35c DEFINED (__IC4Interrupt)?ABSOLUTE (__IC4Interrupt):ABSOLUTE (__DefaultInterrupt)
                  0x000062          0x4 LONG 0x35c DEFINED (__IC5Interrupt)?ABSOLUTE (__IC5Interrupt):ABSOLUTE (__DefaultInterrupt)
                  0x000064          0x4 LONG 0x35c DEFINED (__IC6Interrupt)?ABSOLUTE (__IC6Interrupt):ABSOLUTE (__DefaultInterrupt)
                  0x000066          0x4 LONG 0x35c DEFINED (__OC5Interrupt)?ABSOLUTE (__OC5Interrupt):ABSOLUTE (__DefaultInterrupt)
                  0x000068          0x4 LONG 0x35c DEFINED (__OC6Interrupt)?ABSOLUTE (__OC6Interrupt):ABSOLUTE (__DefaultInterrupt)
                  0x00006a          0x4 LONG 0x35c DEFINED (__OC7Interrupt)?ABSOLUTE (__OC7Interrupt):ABSOLUTE (__DefaultInterrupt)
                  0x00006c          0x4 LONG 0x35c DEFINED (__OC8Interrupt)?ABSOLUTE (__OC8Interrupt):ABSOLUTE (__DefaultInterrupt)
                  0x00006e          0x4 LONG 0x35c DEFINED (__PMPInterrupt)?ABSOLUTE (__PMPInterrupt):ABSOLUTE (__DefaultInterrupt)
                  0x000070          0x4 LONG 0x35c DEFINED (__Interrupt46)?ABSOLUTE (__Interrupt46):ABSOLUTE (__DefaultInterrupt)
                  0x000072          0x4 LONG 0x35c DEFINED (__Interrupt47)?ABSOLUTE (__Interrupt47):ABSOLUTE (__DefaultInterrupt)
                  0x000074          0x4 LONG 0x35c DEFINED (__Interrupt48)?ABSOLUTE (__Interrupt48):ABSOLUTE (__DefaultInterrupt)
                  0x000076          0x4 LONG 0x35c DEFINED (__SI2C2Interrupt)?ABSOLUTE (__SI2C2Interrupt):ABSOLUTE (__DefaultInterrupt)
                  0x000078          0x4 LONG 0x35c DEFINED (__MI2C2Interrupt)?ABSOLUTE (__MI2C2Interrupt):ABSOLUTE (__DefaultInterrupt)
                  0x00007a          0x4 LONG 0x35c DEFINED (__Interrupt51)?ABSOLUTE (__Interrupt51):ABSOLUTE (__DefaultInterrupt)
                  0x00007c          0x4 LONG 0x35c DEFINED (__Interrupt52)?ABSOLUTE (__Interrupt52):ABSOLUTE (__DefaultInterrupt)
                  0x00007e          0x4 LONG 0x35c DEFINED (__INT3Interrupt)?ABSOLUTE (__INT3Interrupt):ABSOLUTE (__DefaultInterrupt)
                  0x000080          0x4 LONG 0x35c DEFINED (__INT4Interrupt)?ABSOLUTE (__INT4Interrupt):ABSOLUTE (__DefaultInterrupt)
                  0x000082          0x4 LONG 0x35c DEFINED (__Interrupt55)?ABSOLUTE (__Interrupt55):ABSOLUTE (__DefaultInterrupt)
                  0x000084          0x4 LONG 0x35c DEFINED (__Interrupt56)?ABSOLUTE (__Interrupt56):ABSOLUTE (__DefaultInterrupt)
                  0x000086          0x4 LONG 0x35c DEFINED (__Interrupt57)?ABSOLUTE (__Interrupt57):ABSOLUTE (__DefaultInterrupt)
                  0x000088          0x4 LONG 0x35c DEFINED (__Interrupt58)?ABSOLUTE (__Interrupt58):ABSOLUTE (__DefaultInterrupt)
                  0x00008a          0x4 LONG 0x35c DEFINED (__Interrupt59)?ABSOLUTE (__Interrupt59):ABSOLUTE (__DefaultInterrupt)
                  0x00008c          0x4 LONG 0x35c DEFINED (__Interrupt60)?ABSOLUTE (__Interrupt60):ABSOLUTE (__DefaultInterrupt)
                  0x00008e          0x4 LONG 0x35c DEFINED (__Interrupt61)?ABSOLUTE (__Interrupt61):ABSOLUTE (__DefaultInterrupt)
                  0x000090          0x4 LONG 0x35c DEFINED (__RTCCInterrupt)?ABSOLUTE (__RTCCInterrupt):ABSOLUTE (__DefaultInterrupt)
                  0x000092          0x4 LONG 0x35c DEFINED (__Interrupt63)?ABSOLUTE (__Interrupt63):ABSOLUTE (__DefaultInterrupt)
                  0x000094          0x4 LONG 0x35c DEFINED (__Interrupt64)?ABSOLUTE (__Interrupt64):ABSOLUTE (__DefaultInterrupt)
                  0x000096          0x4 LONG 0x35c DEFINED (__U1ErrInterrupt)?ABSOLUTE (__U1ErrInterrupt):ABSOLUTE (__DefaultInterrupt)
                  0x000098          0x4 LONG 0x35c DEFINED (__U2ErrInterrupt)?ABSOLUTE (__U2ErrInterrupt):ABSOLUTE (__DefaultInterrupt)
                  0x00009a          0x4 LONG 0x35c DEFINED (__CRCInterrupt)?ABSOLUTE (__CRCInterrupt):ABSOLUTE (__DefaultInterrupt)
                  0x00009c          0x4 LONG 0x35c DEFINED (__Interrupt68)?ABSOLUTE (__Interrupt68):ABSOLUTE (__DefaultInterrupt)
                  0x00009e          0x4 LONG 0x35c DEFINED (__Interrupt69)?ABSOLUTE (__Interrupt69):ABSOLUTE (__DefaultInterrupt)
                  0x0000a0          0x4 LONG 0x35c DEFINED (__Interrupt70)?ABSOLUTE (__Interrupt70):ABSOLUTE (__DefaultInterrupt)
                  0x0000a2          0x4 LONG 0x35c DEFINED (__Interrupt71)?ABSOLUTE (__Interrupt71):ABSOLUTE (__DefaultInterrupt)
                  0x0000a4          0x4 LONG 0x35c DEFINED (__LVDInterrupt)?ABSOLUTE (__LVDInterrupt):ABSOLUTE (__DefaultInterrupt)
                  0x0000a6          0x4 LONG 0x35c DEFINED (__Interrupt73)?ABSOLUTE (__Interrupt73):ABSOLUTE (__DefaultInterrupt)
                  0x0000a8          0x4 LONG 0x35c DEFINED (__Interrupt74)?ABSOLUTE (__Interrupt74):ABSOLUTE (__DefaultInterrupt)
                  0x0000aa          0x4 LONG 0x35c DEFINED (__Interrupt75)?ABSOLUTE (__Interrupt75):ABSOLUTE (__DefaultInterrupt)
                  0x0000ac          0x4 LONG 0x35c DEFINED (__Interrupt76)?ABSOLUTE (__Interrupt76):ABSOLUTE (__DefaultInterrupt)
                  0x0000ae          0x4 LONG 0x35c DEFINED (__CTMUInterrupt)?ABSOLUTE (__CTMUInterrupt):ABSOLUTE (__DefaultInterrupt)
                  0x0000b0          0x4 LONG 0x35c DEFINED (__Interrupt78)?ABSOLUTE (__Interrupt78):ABSOLUTE (__DefaultInterrupt)
                  0x0000b2          0x4 LONG 0x35c DEFINED (__Interrupt79)?ABSOLUTE (__Interrupt79):ABSOLUTE (__DefaultInterrupt)
                  0x0000b4          0x4 LONG 0x35c DEFINED (__Interrupt80)?ABSOLUTE (__Interrupt80):ABSOLUTE (__DefaultInterrupt)
                  0x0000b6          0x4 LONG 0x35c DEFINED (__U3ErrInterrupt)?ABSOLUTE (__U3ErrInterrupt):ABSOLUTE (__DefaultInterrupt)
                  0x0000b8          0x4 LONG 0x35c DEFINED (__U3RXInterrupt)?ABSOLUTE (__U3RXInterrupt):ABSOLUTE (__DefaultInterrupt)
                  0x0000ba          0x4 LONG 0x35c DEFINED (__U3TXInterrupt)?ABSOLUTE (__U3TXInterrupt):ABSOLUTE (__DefaultInterrupt)
                  0x0000bc          0x4 LONG 0x35c DEFINED (__SI2C3Interrupt)?ABSOLUTE (__SI2C3Interrupt):ABSOLUTE (__DefaultInterrupt)
                  0x0000be          0x4 LONG 0x35c DEFINED (__MI2C3Interrupt)?ABSOLUTE (__MI2C3Interrupt):ABSOLUTE (__DefaultInterrupt)
                  0x0000c0          0x4 LONG 0x35c DEFINED (__USB1Interrupt)?ABSOLUTE (__USB1Interrupt):ABSOLUTE (__DefaultInterrupt)
                  0x0000c2          0x4 LONG 0x35c DEFINED (__U4ErrInterrupt)?ABSOLUTE (__U4ErrInterrupt):ABSOLUTE (__DefaultInterrupt)
                  0x0000c4          0x4 LONG 0x35c DEFINED (__U4RXInterrupt)?ABSOLUTE (__U4RXInterrupt):ABSOLUTE (__DefaultInterrupt)
                  0x0000c6          0x4 LONG 0x35c DEFINED (__U4TXInterrupt)?ABSOLUTE (__U4TXInterrupt):ABSOLUTE (__DefaultInterrupt)
                  0x0000c8          0x4 LONG 0x35c DEFINED (__SPI3ErrInterrupt)?ABSOLUTE (__SPI3ErrInterrupt):ABSOLUTE (__DefaultInterrupt)
                  0x0000ca          0x4 LONG 0x35c DEFINED (__SPI3Interrupt)?ABSOLUTE (__SPI3Interrupt):ABSOLUTE (__DefaultInterrupt)
                  0x0000cc          0x4 LONG 0x35c DEFINED (__OC9Interrupt)?ABSOLUTE (__OC9Interrupt):ABSOLUTE (__DefaultInterrupt)
                  0x0000ce          0x4 LONG 0x35c DEFINED (__IC9Interrupt)?ABSOLUTE (__IC9Interrupt):ABSOLUTE (__DefaultInterrupt)
                  0x0000d0          0x4 LONG 0x35c DEFINED (__Interrupt94)?ABSOLUTE (__Interrupt94):ABSOLUTE (__DefaultInterrupt)
                  0x0000d2          0x4 LONG 0x35c DEFINED (__Interrupt95)?ABSOLUTE (__Interrupt95):ABSOLUTE (__DefaultInterrupt)
                  0x0000d4          0x4 LONG 0x35c DEFINED (__Interrupt96)?ABSOLUTE (__Interrupt96):ABSOLUTE (__DefaultInterrupt)
                  0x0000d6          0x4 LONG 0x35c DEFINED (__Interrupt97)?ABSOLUTE (__Interrupt97):ABSOLUTE (__DefaultInterrupt)
                  0x0000d8          0x4 LONG 0x35c DEFINED (__Interrupt98)?ABSOLUTE (__Interrupt98):ABSOLUTE (__DefaultInterrupt)
                  0x0000da          0x4 LONG 0x35c DEFINED (__Interrupt99)?ABSOLUTE (__Interrupt99):ABSOLUTE (__DefaultInterrupt)
                  0x0000dc          0x4 LONG 0x35c DEFINED (__GFX1Interrupt)?ABSOLUTE (__GFX1Interrupt):ABSOLUTE (__DefaultInterrupt)
                  0x0000de          0x4 LONG 0x35c DEFINED (__Interrupt101)?ABSOLUTE (__Interrupt101):ABSOLUTE (__DefaultInterrupt)
                  0x0000e0          0x4 LONG 0x35c DEFINED (__Interrupt102)?ABSOLUTE (__Interrupt102):ABSOLUTE (__DefaultInterrupt)
                  0x0000e2          0x4 LONG 0x35c DEFINED (__Interrupt103)?ABSOLUTE (__Interrupt103):ABSOLUTE (__DefaultInterrupt)
                  0x0000e4          0x4 LONG 0x35c DEFINED (__Interrupt104)?ABSOLUTE (__Interrupt104):ABSOLUTE (__DefaultInterrupt)
                  0x0000e6          0x4 LONG 0x35c DEFINED (__Interrupt105)?ABSOLUTE (__Interrupt105):ABSOLUTE (__DefaultInterrupt)
                  0x0000e8          0x4 LONG 0x35c DEFINED (__Interrupt106)?ABSOLUTE (__Interrupt106):ABSOLUTE (__DefaultInterrupt)
                  0x0000ea          0x4 LONG 0x35c DEFINED (__Interrupt107)?ABSOLUTE (__Interrupt107):ABSOLUTE (__DefaultInterrupt)
                  0x0000ec          0x4 LONG 0x35c DEFINED (__Interrupt108)?ABSOLUTE (__Interrupt108):ABSOLUTE (__DefaultInterrupt)
                  0x0000ee          0x4 LONG 0x35c DEFINED (__Interrupt109)?ABSOLUTE (__Interrupt109):ABSOLUTE (__DefaultInterrupt)
                  0x0000f0          0x4 LONG 0x35c DEFINED (__Interrupt110)?ABSOLUTE (__Interrupt110):ABSOLUTE (__DefaultInterrupt)
                  0x0000f2          0x4 LONG 0x35c DEFINED (__Interrupt111)?ABSOLUTE (__Interrupt111):ABSOLUTE (__DefaultInterrupt)
                  0x0000f4          0x4 LONG 0x35c DEFINED (__Interrupt112)?ABSOLUTE (__Interrupt112):ABSOLUTE (__DefaultInterrupt)
                  0x0000f6          0x4 LONG 0x35c DEFINED (__Interrupt113)?ABSOLUTE (__Interrupt113):ABSOLUTE (__DefaultInterrupt)
                  0x0000f8          0x4 LONG 0x35c DEFINED (__Interrupt114)?ABSOLUTE (__Interrupt114):ABSOLUTE (__DefaultInterrupt)
                  0x0000fa          0x4 LONG 0x35c DEFINED (__Interrupt115)?ABSOLUTE (__Interrupt115):ABSOLUTE (__DefaultInterrupt)
                  0x0000fc          0x4 LONG 0x35c DEFINED (__Interrupt116)?ABSOLUTE (__Interrupt116):ABSOLUTE (__DefaultInterrupt)
                  0x0000fe          0x4 LONG 0x35c DEFINED (__Interrupt117)?ABSOLUTE (__Interrupt117):ABSOLUTE (__DefaultInterrupt)

.aivt             0x000104         0xfc
                  0x000104          0x4 LONG 0x35c DEFINED (__AltReservedTrap0)?ABSOLUTE (__AltReservedTrap0):DEFINED (__ReservedTrap0)?ABSOLUTE (__ReservedTrap0):ABSOLUTE (__DefaultInterrupt)
                  0x000106          0x4 LONG 0x35c DEFINED (__AltOscillatorFail)?ABSOLUTE (__AltOscillatorFail):DEFINED (__OscillatorFail)?ABSOLUTE (__OscillatorFail):ABSOLUTE (__DefaultInterrupt)
                  0x000108          0x4 LONG 0x410c DEFINED (__AltAddressError)?ABSOLUTE (__AltAddressError):DEFINED (__AddressError)?ABSOLUTE (__AddressError):ABSOLUTE (__DefaultInterrupt)
                  0x00010a          0x4 LONG 0x4116 DEFINED (__AltStackError)?ABSOLUTE (__AltStackError):DEFINED (__StackError)?ABSOLUTE (__StackError):ABSOLUTE (__DefaultInterrupt)
                  0x00010c          0x4 LONG 0x35c DEFINED (__AltMathError)?ABSOLUTE (__AltMathError):DEFINED (__MathError)?ABSOLUTE (__MathError):ABSOLUTE (__DefaultInterrupt)
                  0x00010e          0x4 LONG 0x35c DEFINED (__AltReservedTrap5)?ABSOLUTE (__AltReservedTrap5):DEFINED (__ReservedTrap5)?ABSOLUTE (__ReservedTrap5):ABSOLUTE (__DefaultInterrupt)
                  0x000110          0x4 LONG 0x35c DEFINED (__AltReservedTrap6)?ABSOLUTE (__AltReservedTrap6):DEFINED (__ReservedTrap6)?ABSOLUTE (__ReservedTrap6):ABSOLUTE (__DefaultInterrupt)
                  0x000112          0x4 LONG 0x35c DEFINED (__AltReservedTrap7)?ABSOLUTE (__AltReservedTrap7):DEFINED (__ReservedTrap7)?ABSOLUTE (__ReservedTrap7):ABSOLUTE (__DefaultInterrupt)
                  0x000114          0x4 LONG 0x35c DEFINED (__AltINT0Interrupt)?ABSOLUTE (__AltINT0Interrupt):DEFINED (__INT0Interrupt)?ABSOLUTE (__INT0Interrupt):ABSOLUTE (__DefaultInterrupt)
                  0x000116          0x4 LONG 0x35c DEFINED (__AltIC1Interrupt)?ABSOLUTE (__AltIC1Interrupt):DEFINED (__IC1Interrupt)?ABSOLUTE (__IC1Interrupt):ABSOLUTE (__DefaultInterrupt)
                  0x000118          0x4 LONG 0x35c DEFINED (__AltOC1Interrupt)?ABSOLUTE (__AltOC1Interrupt):DEFINED (__OC1Interrupt)?ABSOLUTE (__OC1Interrupt):ABSOLUTE (__DefaultInterrupt)
                  0x00011a          0x4 LONG 0xc3d6 DEFINED (__AltT1Interrupt)?ABSOLUTE (__AltT1Interrupt):DEFINED (__T1Interrupt)?ABSOLUTE (__T1Interrupt):ABSOLUTE (__DefaultInterrupt)
                  0x00011c          0x4 LONG 0x35c DEFINED (__AltInterrupt4)?ABSOLUTE (__AltInterrupt4):DEFINED (__Interrupt4)?ABSOLUTE (__Interrupt4):ABSOLUTE (__DefaultInterrupt)
                  0x00011e          0x4 LONG 0x35c DEFINED (__AltIC2Interrupt)?ABSOLUTE (__AltIC2Interrupt):DEFINED (__IC2Interrupt)?ABSOLUTE (__IC2Interrupt):ABSOLUTE (__DefaultInterrupt)
                  0x000120          0x4 LONG 0x35c DEFINED (__AltOC2Interrupt)?ABSOLUTE (__AltOC2Interrupt):DEFINED (__OC2Interrupt)?ABSOLUTE (__OC2Interrupt):ABSOLUTE (__DefaultInterrupt)
                  0x000122          0x4 LONG 0xc178 DEFINED (__AltT2Interrupt)?ABSOLUTE (__AltT2Interrupt):DEFINED (__T2Interrupt)?ABSOLUTE (__T2Interrupt):ABSOLUTE (__DefaultInterrupt)
                  0x000124          0x4 LONG 0xc474 DEFINED (__AltT3Interrupt)?ABSOLUTE (__AltT3Interrupt):DEFINED (__T3Interrupt)?ABSOLUTE (__T3Interrupt):ABSOLUTE (__DefaultInterrupt)
                  0x000126          0x4 LONG 0x35c DEFINED (__AltSPI1ErrInterrupt)?ABSOLUTE (__AltSPI1ErrInterrupt):DEFINED (__SPI1ErrInterrupt)?ABSOLUTE (__SPI1ErrInterrupt):ABSOLUTE (__DefaultInterrupt)
                  0x000128          0x4 LONG 0xb912 DEFINED (__AltSPI1Interrupt)?ABSOLUTE (__AltSPI1Interrupt):DEFINED (__SPI1Interrupt)?ABSOLUTE (__SPI1Interrupt):ABSOLUTE (__DefaultInterrupt)
                  0x00012a          0x4 LONG 0xbd9c DEFINED (__AltU1RXInterrupt)?ABSOLUTE (__AltU1RXInterrupt):DEFINED (__U1RXInterrupt)?ABSOLUTE (__U1RXInterrupt):ABSOLUTE (__DefaultInterrupt)
                  0x00012c          0x4 LONG 0x35c DEFINED (__AltU1TXInterrupt)?ABSOLUTE (__AltU1TXInterrupt):DEFINED (__U1TXInterrupt)?ABSOLUTE (__U1TXInterrupt):ABSOLUTE (__DefaultInterrupt)
                  0x00012e          0x4 LONG 0x35c DEFINED (__AltADC1Interrupt)?ABSOLUTE (__AltADC1Interrupt):DEFINED (__ADC1Interrupt)?ABSOLUTE (__ADC1Interrupt):ABSOLUTE (__DefaultInterrupt)
                  0x000130          0x4 LONG 0x35c DEFINED (__AltInterrupt14)?ABSOLUTE (__AltInterrupt14):DEFINED (__Interrupt14)?ABSOLUTE (__Interrupt14):ABSOLUTE (__DefaultInterrupt)
                  0x000132          0x4 LONG 0x35c DEFINED (__AltInterrupt15)?ABSOLUTE (__AltInterrupt15):DEFINED (__Interrupt15)?ABSOLUTE (__Interrupt15):ABSOLUTE (__DefaultInterrupt)
                  0x000134          0x4 LONG 0xbbde DEFINED (__AltSI2C1Interrupt)?ABSOLUTE (__AltSI2C1Interrupt):DEFINED (__SI2C1Interrupt)?ABSOLUTE (__SI2C1Interrupt):ABSOLUTE (__DefaultInterrupt)
                  0x000136          0x4 LONG 0x35c DEFINED (__AltMI2C1Interrupt)?ABSOLUTE (__AltMI2C1Interrupt):DEFINED (__MI2C1Interrupt)?ABSOLUTE (__MI2C1Interrupt):ABSOLUTE (__DefaultInterrupt)
                  0x000138          0x4 LONG 0x35c DEFINED (__AltCompInterrupt)?ABSOLUTE (__AltCompInterrupt):DEFINED (__CompInterrupt)?ABSOLUTE (__CompInterrupt):ABSOLUTE (__DefaultInterrupt)
                  0x00013a          0x4 LONG 0xc5ec DEFINED (__AltCNInterrupt)?ABSOLUTE (__AltCNInterrupt):DEFINED (__CNInterrupt)?ABSOLUTE (__CNInterrupt):ABSOLUTE (__DefaultInterrupt)
                  0x00013c          0x4 LONG 0x35c DEFINED (__AltINT1Interrupt)?ABSOLUTE (__AltINT1Interrupt):DEFINED (__INT1Interrupt)?ABSOLUTE (__INT1Interrupt):ABSOLUTE (__DefaultInterrupt)
                  0x00013e          0x4 LONG 0x35c DEFINED (__AltInterrupt21)?ABSOLUTE (__AltInterrupt21):DEFINED (__Interrupt21)?ABSOLUTE (__Interrupt21):ABSOLUTE (__DefaultInterrupt)
                  0x000140          0x4 LONG 0x35c DEFINED (__AltIC7Interrupt)?ABSOLUTE (__AltIC7Interrupt):DEFINED (__IC7Interrupt)?ABSOLUTE (__IC7Interrupt):ABSOLUTE (__DefaultInterrupt)
                  0x000142          0x4 LONG 0x35c DEFINED (__AltIC8Interrupt)?ABSOLUTE (__AltIC8Interrupt):DEFINED (__IC8Interrupt)?ABSOLUTE (__IC8Interrupt):ABSOLUTE (__DefaultInterrupt)
                  0x000144          0x4 LONG 0x35c DEFINED (__AltInterrupt24)?ABSOLUTE (__AltInterrupt24):DEFINED (__Interrupt24)?ABSOLUTE (__Interrupt24):ABSOLUTE (__DefaultInterrupt)
                  0x000146          0x4 LONG 0x35c DEFINED (__AltOC3Interrupt)?ABSOLUTE (__AltOC3Interrupt):DEFINED (__OC3Interrupt)?ABSOLUTE (__OC3Interrupt):ABSOLUTE (__DefaultInterrupt)
                  0x000148          0x4 LONG 0x35c DEFINED (__AltOC4Interrupt)?ABSOLUTE (__AltOC4Interrupt):DEFINED (__OC4Interrupt)?ABSOLUTE (__OC4Interrupt):ABSOLUTE (__DefaultInterrupt)
                  0x00014a          0x4 LONG 0x35c DEFINED (__AltT4Interrupt)?ABSOLUTE (__AltT4Interrupt):DEFINED (__T4Interrupt)?ABSOLUTE (__T4Interrupt):ABSOLUTE (__DefaultInterrupt)
                  0x00014c          0x4 LONG 0x35c DEFINED (__AltT5Interrupt)?ABSOLUTE (__AltT5Interrupt):DEFINED (__T5Interrupt)?ABSOLUTE (__T5Interrupt):ABSOLUTE (__DefaultInterrupt)
                  0x00014e          0x4 LONG 0x35c DEFINED (__AltINT2Interrupt)?ABSOLUTE (__AltINT2Interrupt):DEFINED (__INT2Interrupt)?ABSOLUTE (__INT2Interrupt):ABSOLUTE (__DefaultInterrupt)
                  0x000150          0x4 LONG 0xb49c DEFINED (__AltU2RXInterrupt)?ABSOLUTE (__AltU2RXInterrupt):DEFINED (__U2RXInterrupt)?ABSOLUTE (__U2RXInterrupt):ABSOLUTE (__DefaultInterrupt)
                  0x000152          0x4 LONG 0x35c DEFINED (__AltU2TXInterrupt)?ABSOLUTE (__AltU2TXInterrupt):DEFINED (__U2TXInterrupt)?ABSOLUTE (__U2TXInterrupt):ABSOLUTE (__DefaultInterrupt)
                  0x000154          0x4 LONG 0x35c DEFINED (__AltSPI2ErrInterrupt)?ABSOLUTE (__AltSPI2ErrInterrupt):DEFINED (__SPI2ErrInterrupt)?ABSOLUTE (__SPI2ErrInterrupt):ABSOLUTE (__DefaultInterrupt)
                  0x000156          0x4 LONG 0x35c DEFINED (__AltSPI2Interrupt)?ABSOLUTE (__AltSPI2Interrupt):DEFINED (__SPI2Interrupt)?ABSOLUTE (__SPI2Interrupt):ABSOLUTE (__DefaultInterrupt)
                  0x000158          0x4 LONG 0x35c DEFINED (__AltInterrupt34)?ABSOLUTE (__AltInterrupt34):DEFINED (__Interrupt34)?ABSOLUTE (__Interrupt34):ABSOLUTE (__DefaultInterrupt)
                  0x00015a          0x4 LONG 0x35c DEFINED (__AltInterrupt35)?ABSOLUTE (__AltInterrupt35):DEFINED (__Interrupt35)?ABSOLUTE (__Interrupt35):ABSOLUTE (__DefaultInterrupt)
                  0x00015c          0x4 LONG 0x35c DEFINED (__AltInterrupt36)?ABSOLUTE (__AltInterrupt36):DEFINED (__Interrupt36)?ABSOLUTE (__Interrupt36):ABSOLUTE (__DefaultInterrupt)
                  0x00015e          0x4 LONG 0x35c DEFINED (__AltIC3Interrupt)?ABSOLUTE (__AltIC3Interrupt):DEFINED (__IC3Interrupt)?ABSOLUTE (__IC3Interrupt):ABSOLUTE (__DefaultInterrupt)
                  0x000160          0x4 LONG 0x35c DEFINED (__AltIC4Interrupt)?ABSOLUTE (__AltIC4Interrupt):DEFINED (__IC4Interrupt)?ABSOLUTE (__IC4Interrupt):ABSOLUTE (__DefaultInterrupt)
                  0x000162          0x4 LONG 0x35c DEFINED (__AltIC5Interrupt)?ABSOLUTE (__AltIC5Interrupt):DEFINED (__IC5Interrupt)?ABSOLUTE (__IC5Interrupt):ABSOLUTE (__DefaultInterrupt)
                  0x000164          0x4 LONG 0x35c DEFINED (__AltIC6Interrupt)?ABSOLUTE (__AltIC6Interrupt):DEFINED (__IC6Interrupt)?ABSOLUTE (__IC6Interrupt):ABSOLUTE (__DefaultInterrupt)
                  0x000166          0x4 LONG 0x35c DEFINED (__AltOC5Interrupt)?ABSOLUTE (__AltOC5Interrupt):DEFINED (__OC5Interrupt)?ABSOLUTE (__OC5Interrupt):ABSOLUTE (__DefaultInterrupt)
                  0x000168          0x4 LONG 0x35c DEFINED (__AltOC6Interrupt)?ABSOLUTE (__AltOC6Interrupt):DEFINED (__OC6Interrupt)?ABSOLUTE (__OC6Interrupt):ABSOLUTE (__DefaultInterrupt)
                  0x00016a          0x4 LONG 0x35c DEFINED (__AltOC7Interrupt)?ABSOLUTE (__AltOC7Interrupt):DEFINED (__OC7Interrupt)?ABSOLUTE (__OC7Interrupt):ABSOLUTE (__DefaultInterrupt)
                  0x00016c          0x4 LONG 0x35c DEFINED (__AltOC8Interrupt)?ABSOLUTE (__AltOC8Interrupt):DEFINED (__OC8Interrupt)?ABSOLUTE (__OC8Interrupt):ABSOLUTE (__DefaultInterrupt)
                  0x00016e          0x4 LONG 0x35c DEFINED (__AltPMPInterrupt)?ABSOLUTE (__AltPMPInterrupt):DEFINED (__PMPInterrupt)?ABSOLUTE (__PMPInterrupt):ABSOLUTE (__DefaultInterrupt)
                  0x000170          0x4 LONG 0x35c DEFINED (__AltInterrupt46)?ABSOLUTE (__AltInterrupt46):DEFINED (__Interrupt46)?ABSOLUTE (__Interrupt46):ABSOLUTE (__DefaultInterrupt)
                  0x000172          0x4 LONG 0x35c DEFINED (__AltInterrupt47)?ABSOLUTE (__AltInterrupt47):DEFINED (__Interrupt47)?ABSOLUTE (__Interrupt47):ABSOLUTE (__DefaultInterrupt)
                  0x000174          0x4 LONG 0x35c DEFINED (__AltInterrupt48)?ABSOLUTE (__AltInterrupt48):DEFINED (__Interrupt48)?ABSOLUTE (__Interrupt48):ABSOLUTE (__DefaultInterrupt)
                  0x000176          0x4 LONG 0x35c DEFINED (__AltSI2C2Interrupt)?ABSOLUTE (__AltSI2C2Interrupt):DEFINED (__SI2C2Interrupt)?ABSOLUTE (__SI2C2Interrupt):ABSOLUTE (__DefaultInterrupt)
                  0x000178          0x4 LONG 0x35c DEFINED (__AltMI2C2Interrupt)?ABSOLUTE (__AltMI2C2Interrupt):DEFINED (__MI2C2Interrupt)?ABSOLUTE (__MI2C2Interrupt):ABSOLUTE (__DefaultInterrupt)
                  0x00017a          0x4 LONG 0x35c DEFINED (__AltInterrupt51)?ABSOLUTE (__AltInterrupt51):DEFINED (__Interrupt51)?ABSOLUTE (__Interrupt51):ABSOLUTE (__DefaultInterrupt)
                  0x00017c          0x4 LONG 0x35c DEFINED (__AltInterrupt52)?ABSOLUTE (__AltInterrupt52):DEFINED (__Interrupt52)?ABSOLUTE (__Interrupt52):ABSOLUTE (__DefaultInterrupt)
                  0x00017e          0x4 LONG 0x35c DEFINED (__AltINT3Interrupt)?ABSOLUTE (__AltINT3Interrupt):DEFINED (__INT3Interrupt)?ABSOLUTE (__INT3Interrupt):ABSOLUTE (__DefaultInterrupt)
                  0x000180          0x4 LONG 0x35c DEFINED (__AltINT4Interrupt)?ABSOLUTE (__AltINT4Interrupt):DEFINED (__INT4Interrupt)?ABSOLUTE (__INT4Interrupt):ABSOLUTE (__DefaultInterrupt)
                  0x000182          0x4 LONG 0x35c DEFINED (__AltInterrupt55)?ABSOLUTE (__AltInterrupt55):DEFINED (__Interrupt55)?ABSOLUTE (__Interrupt55):ABSOLUTE (__DefaultInterrupt)
                  0x000184          0x4 LONG 0x35c DEFINED (__AltInterrupt56)?ABSOLUTE (__AltInterrupt56):DEFINED (__Interrupt56)?ABSOLUTE (__Interrupt56):ABSOLUTE (__DefaultInterrupt)
                  0x000186          0x4 LONG 0x35c DEFINED (__AltInterrupt57)?ABSOLUTE (__AltInterrupt57):DEFINED (__Interrupt57)?ABSOLUTE (__Interrupt57):ABSOLUTE (__DefaultInterrupt)
                  0x000188          0x4 LONG 0x35c DEFINED (__AltInterrupt58)?ABSOLUTE (__AltInterrupt58):DEFINED (__Interrupt58)?ABSOLUTE (__Interrupt58):ABSOLUTE (__DefaultInterrupt)
                  0x00018a          0x4 LONG 0x35c DEFINED (__AltInterrupt59)?ABSOLUTE (__AltInterrupt59):DEFINED (__Interrupt59)?ABSOLUTE (__Interrupt59):ABSOLUTE (__DefaultInterrupt)
                  0x00018c          0x4 LONG 0x35c DEFINED (__AltInterrupt60)?ABSOLUTE (__AltInterrupt60):DEFINED (__Interrupt60)?ABSOLUTE (__Interrupt60):ABSOLUTE (__DefaultInterrupt)
                  0x00018e          0x4 LONG 0x35c DEFINED (__AltInterrupt61)?ABSOLUTE (__AltInterrupt61):DEFINED (__Interrupt61)?ABSOLUTE (__Interrupt61):ABSOLUTE (__DefaultInterrupt)
                  0x000190          0x4 LONG 0x35c DEFINED (__AltRTCCInterrupt)?ABSOLUTE (__AltRTCCInterrupt):DEFINED (__RTCCInterrupt)?ABSOLUTE (__RTCCInterrupt):ABSOLUTE (__DefaultInterrupt)
                  0x000192          0x4 LONG 0x35c DEFINED (__AltInterrupt63)?ABSOLUTE (__AltInterrupt63):DEFINED (__Interrupt63)?ABSOLUTE (__Interrupt63):ABSOLUTE (__DefaultInterrupt)
                  0x000194          0x4 LONG 0x35c DEFINED (__AltInterrupt64)?ABSOLUTE (__AltInterrupt64):DEFINED (__Interrupt64)?ABSOLUTE (__Interrupt64):ABSOLUTE (__DefaultInterrupt)
                  0x000196          0x4 LONG 0x35c DEFINED (__AltU1ErrInterrupt)?ABSOLUTE (__AltU1ErrInterrupt):DEFINED (__U1ErrInterrupt)?ABSOLUTE (__U1ErrInterrupt):ABSOLUTE (__DefaultInterrupt)
                  0x000198          0x4 LONG 0x35c DEFINED (__AltU2ErrInterrupt)?ABSOLUTE (__AltU2ErrInterrupt):DEFINED (__U2ErrInterrupt)?ABSOLUTE (__U2ErrInterrupt):ABSOLUTE (__DefaultInterrupt)
                  0x00019a          0x4 LONG 0x35c DEFINED (__AltCRCInterrupt)?ABSOLUTE (__AltCRCInterrupt):DEFINED (__CRCInterrupt)?ABSOLUTE (__CRCInterrupt):ABSOLUTE (__DefaultInterrupt)
                  0x00019c          0x4 LONG 0x35c DEFINED (__AltInterrupt68)?ABSOLUTE (__AltInterrupt68):DEFINED (__Interrupt68)?ABSOLUTE (__Interrupt68):ABSOLUTE (__DefaultInterrupt)
                  0x00019e          0x4 LONG 0x35c DEFINED (__AltInterrupt69)?ABSOLUTE (__AltInterrupt69):DEFINED (__Interrupt69)?ABSOLUTE (__Interrupt69):ABSOLUTE (__DefaultInterrupt)
                  0x0001a0          0x4 LONG 0x35c DEFINED (__AltInterrupt70)?ABSOLUTE (__AltInterrupt70):DEFINED (__Interrupt70)?ABSOLUTE (__Interrupt70):ABSOLUTE (__DefaultInterrupt)
                  0x0001a2          0x4 LONG 0x35c DEFINED (__AltInterrupt71)?ABSOLUTE (__AltInterrupt71):DEFINED (__Interrupt71)?ABSOLUTE (__Interrupt71):ABSOLUTE (__DefaultInterrupt)
                  0x0001a4          0x4 LONG 0x35c DEFINED (__AltLVDInterrupt)?ABSOLUTE (__AltLVDInterrupt):DEFINED (__LVDInterrupt)?ABSOLUTE (__LVDInterrupt):ABSOLUTE (__DefaultInterrupt)
                  0x0001a6          0x4 LONG 0x35c DEFINED (__AltInterrupt73)?ABSOLUTE (__AltInterrupt73):DEFINED (__Interrupt73)?ABSOLUTE (__Interrupt73):ABSOLUTE (__DefaultInterrupt)
                  0x0001a8          0x4 LONG 0x35c DEFINED (__AltInterrupt74)?ABSOLUTE (__AltInterrupt74):DEFINED (__Interrupt74)?ABSOLUTE (__Interrupt74):ABSOLUTE (__DefaultInterrupt)
                  0x0001aa          0x4 LONG 0x35c DEFINED (__AltInterrupt75)?ABSOLUTE (__AltInterrupt75):DEFINED (__Interrupt75)?ABSOLUTE (__Interrupt75):ABSOLUTE (__DefaultInterrupt)
                  0x0001ac          0x4 LONG 0x35c DEFINED (__AltInterrupt76)?ABSOLUTE (__AltInterrupt76):DEFINED (__Interrupt76)?ABSOLUTE (__Interrupt76):ABSOLUTE (__DefaultInterrupt)
                  0x0001ae          0x4 LONG 0x35c DEFINED (__AltCTMUInterrupt)?ABSOLUTE (__AltCTMUInterrupt):DEFINED (__CTMUInterrupt)?ABSOLUTE (__CTMUInterrupt):ABSOLUTE (__DefaultInterrupt)
                  0x0001b0          0x4 LONG 0x35c DEFINED (__AltInterrupt78)?ABSOLUTE (__AltInterrupt78):DEFINED (__Interrupt78)?ABSOLUTE (__Interrupt78):ABSOLUTE (__DefaultInterrupt)
                  0x0001b2          0x4 LONG 0x35c DEFINED (__AltInterrupt79)?ABSOLUTE (__AltInterrupt79):DEFINED (__Interrupt79)?ABSOLUTE (__Interrupt79):ABSOLUTE (__DefaultInterrupt)
                  0x0001b4          0x4 LONG 0x35c DEFINED (__AltInterrupt80)?ABSOLUTE (__AltInterrupt80):DEFINED (__Interrupt80)?ABSOLUTE (__Interrupt80):ABSOLUTE (__DefaultInterrupt)
                  0x0001b6          0x4 LONG 0x35c DEFINED (__AltU3ErrInterrupt)?ABSOLUTE (__AltU3ErrInterrupt):DEFINED (__U3ErrInterrupt)?ABSOLUTE (__U3ErrInterrupt):ABSOLUTE (__DefaultInterrupt)
                  0x0001b8          0x4 LONG 0x35c DEFINED (__AltU3RXInterrupt)?ABSOLUTE (__AltU3RXInterrupt):DEFINED (__U3RXInterrupt)?ABSOLUTE (__U3RXInterrupt):ABSOLUTE (__DefaultInterrupt)
                  0x0001ba          0x4 LONG 0x35c DEFINED (__AltU3TXInterrupt)?ABSOLUTE (__AltU3TXInterrupt):DEFINED (__U3TXInterrupt)?ABSOLUTE (__U3TXInterrupt):ABSOLUTE (__DefaultInterrupt)
                  0x0001bc          0x4 LONG 0x35c DEFINED (__AltSI2C3Interrupt)?ABSOLUTE (__AltSI2C3Interrupt):DEFINED (__SI2C3Interrupt)?ABSOLUTE (__SI2C3Interrupt):ABSOLUTE (__DefaultInterrupt)
                  0x0001be          0x4 LONG 0x35c DEFINED (__AltMI2C3Interrupt)?ABSOLUTE (__AltMI2C3Interrupt):DEFINED (__MI2C3Interrupt)?ABSOLUTE (__MI2C3Interrupt):ABSOLUTE (__DefaultInterrupt)
                  0x0001c0          0x4 LONG 0x35c DEFINED (__AltUSB1Interrupt)?ABSOLUTE (__AltUSB1Interrupt):DEFINED (__USB1Interrupt)?ABSOLUTE (__USB1Interrupt):ABSOLUTE (__DefaultInterrupt)
                  0x0001c2          0x4 LONG 0x35c DEFINED (__AltU4ErrInterrupt)?ABSOLUTE (__AltU4ErrInterrupt):DEFINED (__U4ErrInterrupt)?ABSOLUTE (__U4ErrInterrupt):ABSOLUTE (__DefaultInterrupt)
                  0x0001c4          0x4 LONG 0x35c DEFINED (__AltU4RXInterrupt)?ABSOLUTE (__AltU4RXInterrupt):DEFINED (__U4RXInterrupt)?ABSOLUTE (__U4RXInterrupt):ABSOLUTE (__DefaultInterrupt)
                  0x0001c6          0x4 LONG 0x35c DEFINED (__AltU4TXInterrupt)?ABSOLUTE (__AltU4TXInterrupt):DEFINED (__U4TXInterrupt)?ABSOLUTE (__U4TXInterrupt):ABSOLUTE (__DefaultInterrupt)
                  0x0001c8          0x4 LONG 0x35c DEFINED (__AltSPI3ErrInterrupt)?ABSOLUTE (__AltSPI3ErrInterrupt):DEFINED (__SPI3ErrInterrupt)?ABSOLUTE (__SPI3ErrInterrupt):ABSOLUTE (__DefaultInterrupt)
                  0x0001ca          0x4 LONG 0x35c DEFINED (__AltSPI3Interrupt)?ABSOLUTE (__AltSPI3Interrupt):DEFINED (__SPI3Interrupt)?ABSOLUTE (__SPI3Interrupt):ABSOLUTE (__DefaultInterrupt)
                  0x0001cc          0x4 LONG 0x35c DEFINED (__AltOC9Interrupt)?ABSOLUTE (__AltOC9Interrupt):DEFINED (__OC9Interrupt)?ABSOLUTE (__OC9Interrupt):ABSOLUTE (__DefaultInterrupt)
                  0x0001ce          0x4 LONG 0x35c DEFINED (__AltIC9Interrupt)?ABSOLUTE (__AltIC9Interrupt):DEFINED (__IC9Interrupt)?ABSOLUTE (__IC9Interrupt):ABSOLUTE (__DefaultInterrupt)
                  0x0001d0          0x4 LONG 0x35c DEFINED (__AltInterrupt94)?ABSOLUTE (__AltInterrupt94):DEFINED (__Interrupt94)?ABSOLUTE (__Interrupt94):ABSOLUTE (__DefaultInterrupt)
                  0x0001d2          0x4 LONG 0x35c DEFINED (__AltInterrupt95)?ABSOLUTE (__AltInterrupt95):DEFINED (__Interrupt95)?ABSOLUTE (__Interrupt95):ABSOLUTE (__DefaultInterrupt)
                  0x0001d4          0x4 LONG 0x35c DEFINED (__AltInterrupt96)?ABSOLUTE (__AltInterrupt96):DEFINED (__Interrupt96)?ABSOLUTE (__Interrupt96):ABSOLUTE (__DefaultInterrupt)
                  0x0001d6          0x4 LONG 0x35c DEFINED (__AltInterrupt97)?ABSOLUTE (__AltInterrupt97):DEFINED (__Interrupt97)?ABSOLUTE (__Interrupt97):ABSOLUTE (__DefaultInterrupt)
                  0x0001d8          0x4 LONG 0x35c DEFINED (__AltInterrupt98)?ABSOLUTE (__AltInterrupt98):DEFINED (__Interrupt98)?ABSOLUTE (__Interrupt98):ABSOLUTE (__DefaultInterrupt)
                  0x0001da          0x4 LONG 0x35c DEFINED (__AltInterrupt99)?ABSOLUTE (__AltInterrupt99):DEFINED (__Interrupt99)?ABSOLUTE (__Interrupt99):ABSOLUTE (__DefaultInterrupt)
                  0x0001dc          0x4 LONG 0x35c DEFINED (__AltGFX1Interrupt)?ABSOLUTE (__AltGFX1Interrupt):DEFINED (__GFX1Interrupt)?ABSOLUTE (__GFX1Interrupt):ABSOLUTE (__DefaultInterrupt)
                  0x0001de          0x4 LONG 0x35c DEFINED (__AltInterrupt101)?ABSOLUTE (__AltInterrupt101):DEFINED (__Interrupt101)?ABSOLUTE (__Interrupt101):ABSOLUTE (__DefaultInterrupt)
                  0x0001e0          0x4 LONG 0x35c DEFINED (__AltInterrupt102)?ABSOLUTE (__AltInterrupt102):DEFINED (__Interrupt102)?ABSOLUTE (__Interrupt102):ABSOLUTE (__DefaultInterrupt)
                  0x0001e2          0x4 LONG 0x35c DEFINED (__AltInterrupt103)?ABSOLUTE (__AltInterrupt103):DEFINED (__Interrupt103)?ABSOLUTE (__Interrupt103):ABSOLUTE (__DefaultInterrupt)
                  0x0001e4          0x4 LONG 0x35c DEFINED (__AltInterrupt104)?ABSOLUTE (__AltInterrupt104):DEFINED (__Interrupt104)?ABSOLUTE (__Interrupt104):ABSOLUTE (__DefaultInterrupt)
                  0x0001e6          0x4 LONG 0x35c DEFINED (__AltInterrupt105)?ABSOLUTE (__AltInterrupt105):DEFINED (__Interrupt105)?ABSOLUTE (__Interrupt105):ABSOLUTE (__DefaultInterrupt)
                  0x0001e8          0x4 LONG 0x35c DEFINED (__AltInterrupt106)?ABSOLUTE (__AltInterrupt106):DEFINED (__Interrupt106)?ABSOLUTE (__Interrupt106):ABSOLUTE (__DefaultInterrupt)
                  0x0001ea          0x4 LONG 0x35c DEFINED (__AltInterrupt107)?ABSOLUTE (__AltInterrupt107):DEFINED (__Interrupt107)?ABSOLUTE (__Interrupt107):ABSOLUTE (__DefaultInterrupt)
                  0x0001ec          0x4 LONG 0x35c DEFINED (__AltInterrupt108)?ABSOLUTE (__AltInterrupt108):DEFINED (__Interrupt108)?ABSOLUTE (__Interrupt108):ABSOLUTE (__DefaultInterrupt)
                  0x0001ee          0x4 LONG 0x35c DEFINED (__AltInterrupt109)?ABSOLUTE (__AltInterrupt109):DEFINED (__Interrupt109)?ABSOLUTE (__Interrupt109):ABSOLUTE (__DefaultInterrupt)
                  0x0001f0          0x4 LONG 0x35c DEFINED (__AltInterrupt110)?ABSOLUTE (__AltInterrupt110):DEFINED (__Interrupt110)?ABSOLUTE (__Interrupt110):ABSOLUTE (__DefaultInterrupt)
                  0x0001f2          0x4 LONG 0x35c DEFINED (__AltInterrupt111)?ABSOLUTE (__AltInterrupt111):DEFINED (__Interrupt111)?ABSOLUTE (__Interrupt111):ABSOLUTE (__DefaultInterrupt)
                  0x0001f4          0x4 LONG 0x35c DEFINED (__AltInterrupt112)?ABSOLUTE (__AltInterrupt112):DEFINED (__Interrupt112)?ABSOLUTE (__Interrupt112):ABSOLUTE (__DefaultInterrupt)
                  0x0001f6          0x4 LONG 0x35c DEFINED (__AltInterrupt113)?ABSOLUTE (__AltInterrupt113):DEFINED (__Interrupt113)?ABSOLUTE (__Interrupt113):ABSOLUTE (__DefaultInterrupt)
                  0x0001f8          0x4 LONG 0x35c DEFINED (__AltInterrupt114)?ABSOLUTE (__AltInterrupt114):DEFINED (__Interrupt114)?ABSOLUTE (__Interrupt114):ABSOLUTE (__DefaultInterrupt)
                  0x0001fa          0x4 LONG 0x35c DEFINED (__AltInterrupt115)?ABSOLUTE (__AltInterrupt115):DEFINED (__Interrupt115)?ABSOLUTE (__Interrupt115):ABSOLUTE (__DefaultInterrupt)
                  0x0001fc          0x4 LONG 0x35c DEFINED (__AltInterrupt116)?ABSOLUTE (__AltInterrupt116):DEFINED (__Interrupt116)?ABSOLUTE (__Interrupt116):ABSOLUTE (__DefaultInterrupt)
                  0x0001fe          0x4 LONG 0x35c DEFINED (__AltInterrupt117)?ABSOLUTE (__AltInterrupt117):DEFINED (__Interrupt117)?ABSOLUTE (__Interrupt117):ABSOLUTE (__DefaultInterrupt)
                    0x0000                  WREG0 = 0x0
                    0x0000                  _WREG0 = 0x0
                    0x0002                  WREG1 = 0x2
                    0x0002                  _WREG1 = 0x2
                    0x0004                  WREG2 = 0x4
                    0x0004                  _WREG2 = 0x4
                    0x0006                  WREG3 = 0x6
                    0x0006                  _WREG3 = 0x6
                    0x0008                  WREG4 = 0x8
                    0x0008                  _WREG4 = 0x8
                    0x000a                  WREG5 = 0xa
                    0x000a                  _WREG5 = 0xa
                    0x000c                  WREG6 = 0xc
                    0x000c                  _WREG6 = 0xc
                    0x000e                  WREG7 = 0xe
                    0x000e                  _WREG7 = 0xe
                    0x0010                  WREG8 = 0x10
                    0x0010                  _WREG8 = 0x10
                    0x0012                  WREG9 = 0x12
                    0x0012                  _WREG9 = 0x12
                    0x0014                  WREG10 = 0x14
                    0x0014                  _WREG10 = 0x14
                    0x0016                  WREG11 = 0x16
                    0x0016                  _WREG11 = 0x16
                    0x0018                  WREG12 = 0x18
                    0x0018                  _WREG12 = 0x18
                    0x001a                  WREG13 = 0x1a
                    0x001a                  _WREG13 = 0x1a
                    0x001c                  WREG14 = 0x1c
                    0x001c                  _WREG14 = 0x1c
                    0x001e                  WREG15 = 0x1e
                    0x001e                  _WREG15 = 0x1e
                    0x0020                  SPLIM = 0x20
                    0x0020                  _SPLIM = 0x20
                    0x002e                  PCL = 0x2e
                    0x002e                  _PCL = 0x2e
                    0x0030                  PCH = 0x30
                    0x0030                  _PCH = 0x30
                    0x0032                  DSRPAG = 0x32
                    0x0032                  _DSRPAG = 0x32
                    0x0034                  DSWPAG = 0x34
                    0x0034                  _DSWPAG = 0x34
                    0x0036                  RCOUNT = 0x36
                    0x0036                  _RCOUNT = 0x36
                    0x0042                  SR = 0x42
                    0x0042                  _SR = 0x42
                    0x0042                  _SRbits = 0x42
                    0x0044                  CORCON = 0x44
                    0x0044                  _CORCON = 0x44
                    0x0044                  _CORCONbits = 0x44
                    0x0052                  DISICNT = 0x52
                    0x0052                  _DISICNT = 0x52
                    0x0054                  TBLPAG = 0x54
                    0x0054                  _TBLPAG = 0x54
                    0x0056                  CNPD1 = 0x56
                    0x0056                  _CNPD1 = 0x56
                    0x0056                  _CNPD1bits = 0x56
                    0x0058                  CNPD2 = 0x58
                    0x0058                  _CNPD2 = 0x58
                    0x0058                  _CNPD2bits = 0x58
                    0x005a                  CNPD3 = 0x5a
                    0x005a                  _CNPD3 = 0x5a
                    0x005a                  _CNPD3bits = 0x5a
                    0x005c                  CNPD4 = 0x5c
                    0x005c                  _CNPD4 = 0x5c
                    0x005c                  _CNPD4bits = 0x5c
                    0x005e                  CNPD5 = 0x5e
                    0x005e                  _CNPD5 = 0x5e
                    0x005e                  _CNPD5bits = 0x5e
                    0x0060                  CNPD6 = 0x60
                    0x0060                  _CNPD6 = 0x60
                    0x0060                  _CNPD6bits = 0x60
                    0x0062                  CNEN1 = 0x62
                    0x0062                  _CNEN1 = 0x62
                    0x0062                  _CNEN1bits = 0x62
                    0x0064                  CNEN2 = 0x64
                    0x0064                  _CNEN2 = 0x64
                    0x0064                  _CNEN2bits = 0x64
                    0x0066                  CNEN3 = 0x66
                    0x0066                  _CNEN3 = 0x66
                    0x0066                  _CNEN3bits = 0x66
                    0x0068                  CNEN4 = 0x68
                    0x0068                  _CNEN4 = 0x68
                    0x0068                  _CNEN4bits = 0x68
                    0x006a                  CNEN5 = 0x6a
                    0x006a                  _CNEN5 = 0x6a
                    0x006a                  _CNEN5bits = 0x6a
                    0x006c                  CNEN6 = 0x6c
                    0x006c                  _CNEN6 = 0x6c
                    0x006c                  _CNEN6bits = 0x6c
                    0x006e                  CNPU1 = 0x6e
                    0x006e                  _CNPU1 = 0x6e
                    0x006e                  _CNPU1bits = 0x6e
                    0x0070                  CNPU2 = 0x70
                    0x0070                  _CNPU2 = 0x70
                    0x0070                  _CNPU2bits = 0x70
                    0x0072                  CNPU3 = 0x72
                    0x0072                  _CNPU3 = 0x72
                    0x0072                  _CNPU3bits = 0x72
                    0x0074                  CNPU4 = 0x74
                    0x0074                  _CNPU4 = 0x74
                    0x0074                  _CNPU4bits = 0x74
                    0x0076                  CNPU5 = 0x76
                    0x0076                  _CNPU5 = 0x76
                    0x0076                  _CNPU5bits = 0x76
                    0x0078                  CNPU6 = 0x78
                    0x0078                  _CNPU6 = 0x78
                    0x0078                  _CNPU6bits = 0x78
                    0x0080                  INTCON1 = 0x80
                    0x0080                  _INTCON1 = 0x80
                    0x0080                  _INTCON1bits = 0x80
                    0x0082                  INTCON2 = 0x82
                    0x0082                  _INTCON2 = 0x82
                    0x0082                  _INTCON2bits = 0x82
                    0x0084                  IFS0 = 0x84
                    0x0084                  _IFS0 = 0x84
                    0x0084                  _IFS0bits = 0x84
                    0x0086                  IFS1 = 0x86
                    0x0086                  _IFS1 = 0x86
                    0x0086                  _IFS1bits = 0x86
                    0x0088                  IFS2 = 0x88
                    0x0088                  _IFS2 = 0x88
                    0x0088                  _IFS2bits = 0x88
                    0x008a                  IFS3 = 0x8a
                    0x008a                  _IFS3 = 0x8a
                    0x008a                  _IFS3bits = 0x8a
                    0x008c                  IFS4 = 0x8c
                    0x008c                  _IFS4 = 0x8c
                    0x008c                  _IFS4bits = 0x8c
                    0x008e                  IFS5 = 0x8e
                    0x008e                  _IFS5 = 0x8e
                    0x008e                  _IFS5bits = 0x8e
                    0x0090                  IFS6 = 0x90
                    0x0090                  _IFS6 = 0x90
                    0x0090                  _IFS6bits = 0x90
                    0x0094                  IEC0 = 0x94
                    0x0094                  _IEC0 = 0x94
                    0x0094                  _IEC0bits = 0x94
                    0x0096                  IEC1 = 0x96
                    0x0096                  _IEC1 = 0x96
                    0x0096                  _IEC1bits = 0x96
                    0x0098                  IEC2 = 0x98
                    0x0098                  _IEC2 = 0x98
                    0x0098                  _IEC2bits = 0x98
                    0x009a                  IEC3 = 0x9a
                    0x009a                  _IEC3 = 0x9a
                    0x009a                  _IEC3bits = 0x9a
                    0x009c                  IEC4 = 0x9c
                    0x009c                  _IEC4 = 0x9c
                    0x009c                  _IEC4bits = 0x9c
                    0x009e                  IEC5 = 0x9e
                    0x009e                  _IEC5 = 0x9e
                    0x009e                  _IEC5bits = 0x9e
                    0x00a0                  IEC6 = 0xa0
                    0x00a0                  _IEC6 = 0xa0
                    0x00a0                  _IEC6bits = 0xa0
                    0x00a4                  IPC0 = 0xa4
                    0x00a4                  _IPC0 = 0xa4
                    0x00a4                  _IPC0bits = 0xa4
                    0x00a6                  IPC1 = 0xa6
                    0x00a6                  _IPC1 = 0xa6
                    0x00a6                  _IPC1bits = 0xa6
                    0x00a8                  IPC2 = 0xa8
                    0x00a8                  _IPC2 = 0xa8
                    0x00a8                  _IPC2bits = 0xa8
                    0x00aa                  IPC3 = 0xaa
                    0x00aa                  _IPC3 = 0xaa
                    0x00aa                  _IPC3bits = 0xaa
                    0x00ac                  IPC4 = 0xac
                    0x00ac                  _IPC4 = 0xac
                    0x00ac                  _IPC4bits = 0xac
                    0x00ae                  IPC5 = 0xae
                    0x00ae                  _IPC5 = 0xae
                    0x00ae                  _IPC5bits = 0xae
                    0x00b0                  IPC6 = 0xb0
                    0x00b0                  _IPC6 = 0xb0
                    0x00b0                  _IPC6bits = 0xb0
                    0x00b2                  IPC7 = 0xb2
                    0x00b2                  _IPC7 = 0xb2
                    0x00b2                  _IPC7bits = 0xb2
                    0x00b4                  IPC8 = 0xb4
                    0x00b4                  _IPC8 = 0xb4